<html>
<body>
<pre>
<h1>µVision Build Log</h1>
<h2>Project:</h2>
C:\Keil\ARM\Device\Nordic\nrf51822\Board\pca10001\ble\ble_app_lbe\arm\ble_app_lbe.uvproj
Project File Date:  06/02/2014

<h2>Output:</h2>
Build target 'nrf51822_xxaa_s110 (256K)'
compiling main.c...
..\m24m02.h(23): warning:  #1295-D: Deprecated declaration i2c_eeprom_init - give arg types
  void i2c_eeprom_init();
..\m24m02.h(33): warning:  #1295-D: Deprecated declaration i2c_eeprom_erase - give arg types
  bool i2c_eeprom_erase();
..\main.c(936): warning:  #550-D: variable "temp" was set but never used
                        uint8_t temp[3];
..\main.c(638): warning:  #177-D: function "lux_timers_stop" was declared but never referenced
  static void lux_timers_stop(void)
..\main.c: 4 warnings, 0 errors
compiling ble_time.c...
..\ble_time.c(384): warning:  #550-D: variable "len" was set but never used
        uint8_t  len;
..\ble_time.c: 1 warning, 0 errors
linking...
Program Size: Code=29544 RO-data=488 RW-data=292 ZI-data=6084  
FromELF: creating hex file...
".\_build\ble_app_template.axf" - 0 Error(s), 5 Warning(s).
.c(384): warning:  #550-D: variable "len" was set but never used
        uint8_t  len;
..\ble_time.c: 1 warning, 0 errors
linking...
Program Size: Code=29432 RO-data=488 RW-data=288 ZI-data=6096  
FromELF: creating hex file...
".\_build\ble_app_template.axf" - 0 Error(s), 8 Warning(s).
Load "C:\\Keil\\ARM\\Device\\Nordic\\nrf51822\\Board\\pca10001\\ble\\ble_app_lbe\\arm\\_build\\ble_app_template.axf" 
Set JLink Project File to "C:\Keil\ARM\Device\Nordic\nrf51822\Board\pca10001\ble\ble_app_lbe\arm\JLinkSettings.ini"
* JLink Info: Device "NRF51822_XXAA" selected (257 KB flash, 16 KB RAM).
 
JLink info:
------------
DLL: V4.84c, compiled Apr 16 2014 18:53:07
Firmware: J-Link Lite-Cortex-M V8 compiled Aug 29 2012 15:24:23
Hardware: V8.00
S/N : 518005688 
Feature(s) : GDB 
 
* JLink Info: Found SWD-DP with ID 0x0BB11477
Error: Flash Download failed  -  Target DLL has been cancelled
Load "C:\\Keil\\ARM\\Device\\Nordic\\nrf51822\\Board\\pca10001\\ble\\ble_app_lbe\\arm\\_build\\ble_app_template.axf" 
Set JLink Project File to "C:\Keil\ARM\Device\Nordic\nrf51822\Board\pca10001\ble\ble_app_lbe\arm\JLinkSettings.ini"
* JLink Info: Device "NRF51822_XXAA" selected (257 KB flash, 16 KB RAM).
 
JLink info:
------------
DLL: V4.84c, compiled Apr 16 2014 18:53:07
Firmware: J-Link Lite-Cortex-M V8 compiled Aug 29 2012 15:24:23
Hardware: V8.00
S/N : 518005688 
Feature(s) : GDB 
 
* JLink Info: Found SWD-DP with ID 0x0BB11477
* JLink Info: Found Cortex-M0 r0p0, Little endian.
* JLink Info: FPUnit: 4 code (BP) slots and 0 literal slots
ROMTableAddr = 0xE00FF003
 
Target info:
------------
Device: nRF51822_xxAA
VTarget = 3.319V
State of Pins: 
TCK: 0, TDI: 0, TDO: 0, TMS: 1, TRES: 1, TRST: 1
Hardware-Breakpoints: 4
Software-Breakpoints: 8192
Watchpoints:          2
JTAG speed: 2000 kHz
 
Erase Done.
Programming Done.
Verify OK.
Application running ...
leAddr = 0xE00FF003
 
Target info:
------------
Device: nRF51822_xxAA
VTarget = 3.319V
State of Pins: 
TCK: 0, TDI: 0, TDO: 0, TMS: 1, TRES: 1, TRST: 1
Hardware-Breakpoints: 4
Software-Breakpoints: 8192
Watchpoints:          2
JTAG speed: 2000 kHz
 
Erase Done.
Programming Done.
Verify OK.
Application running ...
