Product: MDK-ARM Lite 5.10
Component: ARM Compiler 5.04 update 1 (build 49)
Tool: armlink [5040049]

==============================================================================

Section Cross References

    arm_startup_nrf51.o(STACK) refers (Special) to heapauxi.o(.text) for __use_two_region_memory
    arm_startup_nrf51.o(HEAP) refers (Special) to heapauxi.o(.text) for __use_two_region_memory
    arm_startup_nrf51.o(RESET) refers (Special) to heapauxi.o(.text) for __use_two_region_memory
    arm_startup_nrf51.o(RESET) refers to arm_startup_nrf51.o(STACK) for __initial_sp
    arm_startup_nrf51.o(RESET) refers to arm_startup_nrf51.o(.text) for Reset_Handler
    arm_startup_nrf51.o(RESET) refers to app_gpiote.o(.text) for GPIOTE_IRQHandler
    arm_startup_nrf51.o(RESET) refers to app_timer.o(.text) for RTC1_IRQHandler
    arm_startup_nrf51.o(RESET) refers to softdevice_handler.o(.text) for SWI2_IRQHandler
    arm_startup_nrf51.o(.text) refers (Special) to heapauxi.o(.text) for __use_two_region_memory
    arm_startup_nrf51.o(.text) refers to system_nrf51.o(.text) for SystemInit
    arm_startup_nrf51.o(.text) refers to __main.o(!!!main) for __main
    arm_startup_nrf51.o(.text) refers to arm_startup_nrf51.o(HEAP) for Heap_Mem
    arm_startup_nrf51.o(.text) refers to arm_startup_nrf51.o(STACK) for Stack_Mem
    system_nrf51.o(.text) refers to system_nrf51.o(.data) for SystemCoreClock
    main.o(.text) refers to ble_debug_assert_handler.o(.text) for ble_debug_assert_handler
    main.o(.text) refers to max_44009.o(.text) for read_sensors
    main.o(.text) refers to ble_lbe.o(.text) for ble_lbe_LUX_1_update
    main.o(.text) refers to app_timer.o(.text) for app_timer_init
    main.o(.text) refers to rt_memclr.o(.text) for __aeabi_memclr4
    main.o(.text) refers to ble_advdata.o(.text) for ble_advdata_set
    main.o(.text) refers to ble_srv_common.o(.text) for ble_srv_ascii_to_utf8
    main.o(.text) refers to ble_dis.o(.text) for ble_dis_init
    main.o(.text) refers to ble_luxsync.o(.text) for ble_luxsync_init
    main.o(.text) refers to main.o(.data) for m_lux_meas_ind_conf_pending
    main.o(.text) refers to main.o(.bss) for m_lux_values
    main.o(.text) refers to main.o(.constdata) for .constdata
    main.o(.text) refers to ble_conn_params.o(.text) for ble_conn_params_init
    main.o(.text) refers to rt_memcpy.o(.text) for __aeabi_memcpy
    main.o(.text) refers to pstorage.o(.text) for pstorage_sys_event_handler
    main.o(.text) refers to softdevice_handler.o(.text) for softdevice_handler_init
    main.o(.text) refers to app_scheduler.o(.text) for app_sched_init
    main.o(.text) refers to app_gpiote.o(.text) for app_gpiote_init
    main.o(.text) refers to app_button.o(.text) for app_button_init
    main.o(.text) refers to m24m02.o(.text) for i2c_eeprom_init
    ble_srv_common.o(.text) refers to main.o(.text) for app_error_handler
    ble_srv_common.o(.text) refers to strlen.o(.text) for strlen
    ble_dis.o(.text) refers to main.o(.text) for app_error_handler
    ble_dis.o(.text) refers to rt_memclr.o(.text) for __aeabi_memclr4
    ble_dis.o(.text) refers to ble_dis.o(.data) for service_handle
    ble_lbe.o(.text) refers to rt_memclr.o(.text) for __aeabi_memclr4
    ble_lbe.o(.text) refers to f2d.o(.text) for __aeabi_f2d
    ble_lbe.o(.text) refers to log10.o(i.log10) for log10
    ble_lbe.o(.text) refers to dmul.o(.text) for __aeabi_dmul
    ble_lbe.o(.text) refers to round.o(i.round) for round
    ble_lbe.o(.text) refers to dfixui.o(.text) for __aeabi_d2uiz
    ble_lbe.o(.text) refers to ble_lbe.o(.constdata) for .constdata
    ble_luxsync.o(.text) refers to rt_memclr.o(.text) for __aeabi_memclr4
    ble_luxsync.o(.text) refers to ble_luxsync.o(.constdata) for .constdata
    ble_error_log.o(.text) refers to rt_memcpy.o(.emb_text) for __aeabi_memcpy4
    ble_error_log.o(.text) refers to strncpy.o(.text) for strncpy
    ble_error_log.o(.text) refers to arm_startup_nrf51.o(RESET) for __Vectors
    ble_error_log.o(.text) refers to ble_error_log.o(.bss) for m_ble_error_log
    pstorage.o(.text) refers to pstorage.o(i.__ARM_common_switch8) for __ARM_common_switch8
    pstorage.o(.text) refers to aeabi_sdiv.o(.text) for __aeabi_uidivmod
    pstorage.o(.text) refers to pstorage.o(.bss) for m_cmd_queue
    pstorage.o(.text) refers to pstorage.o(.data) for m_round_val
    pstorage.o(.text) refers to rt_memcpy.o(.text) for __aeabi_memcpy
    ble_advdata.o(.text) refers to rt_memcpy.o(.text) for __aeabi_memcpy
    app_scheduler.o(.text) refers to main.o(.text) for app_error_handler
    app_scheduler.o(.text) refers to rt_memcpy.o(.text) for __aeabi_memcpy
    app_scheduler.o(.text) refers to app_scheduler.o(.data) for m_queue_event_headers
    app_timer.o(.text) refers to app_timer.o(.emb_text) for __asm___11_app_timer_c_cd27f9c3__nrf_delay_us
    app_timer.o(.text) refers to main.o(.text) for app_error_handler
[...]
    ../clib/angel/rt.s                       0x00000000   Number         0  aeabi_idiv0.o ABSOLUTE
    ../clib/angel/rt.s                       0x00000000   Number         0  rt_errno_addr_intlibspace.o ABSOLUTE
    ../clib/angel/rt.s                       0x00000000   Number         0  rt_errno_addr.o ABSOLUTE
    ../clib/angel/scatterp.s                 0x00000000   Number         0  __scatter.o ABSOLUTE
    ../clib/angel/startup.s                  0x00000000   Number         0  __main.o ABSOLUTE
    ../clib/angel/sys.s                      0x00000000   Number         0  use_no_semi.o ABSOLUTE
    ../clib/angel/sys.s                      0x00000000   Number         0  tempstk.o ABSOLUTE
    ../clib/angel/sys.s                      0x00000000   Number         0  indicate_semi.o ABSOLUTE
    ../clib/angel/sys.s                      0x00000000   Number         0  sys_stackheap_outer.o ABSOLUTE
    ../clib/angel/sys.s                      0x00000000   Number         0  libspace.o ABSOLUTE
    ../clib/angel/sysapp.c                   0x00000000   Number         0  sys_exit.o ABSOLUTE
    ../clib/angel/sysapp.c                   0x00000000   Number         0  sys_command.o ABSOLUTE
    ../clib/angel/sysapp.c                   0x00000000   Number         0  sys_wrch.o ABSOLUTE
    ../clib/armsys.c                         0x00000000   Number         0  no_argv.o ABSOLUTE
    ../clib/armsys.c                         0x00000000   Number         0  argv_veneer.o ABSOLUTE
    ../clib/armsys.c                         0x00000000   Number         0  _get_argv_nomalloc.o ABSOLUTE
    ../clib/division.s                       0x00000000   Number         0  aeabi_sdiv.o ABSOLUTE
    ../clib/division.s                       0x00000000   Number         0  aeabi_sdiv_div0.o ABSOLUTE
    ../clib/fenv.c                           0x00000000   Number         0  _rserrno.o ABSOLUTE
    ../clib/heapalloc.c                      0x00000000   Number         0  hrguard.o ABSOLUTE
    ../clib/heapaux.c                        0x00000000   Number         0  heapauxi.o ABSOLUTE
    ../clib/libinit.s                        0x00000000   Number         0  libinit.o ABSOLUTE
    ../clib/libinit.s                        0x00000000   Number         0  libshutdown2.o ABSOLUTE
    ../clib/libinit.s                        0x00000000   Number         0  libinit2.o ABSOLUTE
    ../clib/libinit.s                        0x00000000   Number         0  libshutdown.o ABSOLUTE
    ../clib/memcpset.c                       0x00000000   Number         0  rt_memcpy.o ABSOLUTE
    ../clib/memcpset.c                       0x00000000   Number         0  rt_memcpy.o ABSOLUTE
    ../clib/memcpset.c                       0x00000000   Number         0  rt_memclr.o ABSOLUTE
    ../clib/signal.c                         0x00000000   Number         0  defsig_fpe_outer.o ABSOLUTE
    ../clib/signal.c                         0x00000000   Number         0  defsig_fpe_formal.o ABSOLUTE
    ../clib/signal.c                         0x00000000   Number         0  defsig_rtmem_formal.o ABSOLUTE
    ../clib/signal.c                         0x00000000   Number         0  defsig_rtmem_inner.o ABSOLUTE
    ../clib/signal.c                         0x00000000   Number         0  defsig_rtred_inner.o ABSOLUTE
    ../clib/signal.c                         0x00000000   Number         0  defsig_other.o ABSOLUTE
    ../clib/signal.c                         0x00000000   Number         0  defsig_abrt_inner.o ABSOLUTE
    ../clib/signal.c                         0x00000000   Number         0  defsig_exit.o ABSOLUTE
    ../clib/signal.c                         0x00000000   Number         0  defsig_fpe_inner.o ABSOLUTE
    ../clib/signal.c                         0x00000000   Number         0  defsig_segv_inner.o ABSOLUTE
    ../clib/signal.c                         0x00000000   Number         0  defsig_rtmem_outer.o ABSOLUTE
    ../clib/signal.c                         0x00000000   Number         0  defsig_cppl_inner.o ABSOLUTE
    ../clib/signal.c                         0x00000000   Number         0  defsig_general.o ABSOLUTE
    ../clib/signal.c                         0x00000000   Number         0  __raise.o ABSOLUTE
    ../clib/signal.c                         0x00000000   Number         0  defsig_pvfn_inner.o ABSOLUTE
    ../clib/signal.c                         0x00000000   Number         0  defsig_stak_inner.o ABSOLUTE
    ../clib/signal.s                         0x00000000   Number         0  defsig.o ABSOLUTE
    ../clib/stdlib.c                         0x00000000   Number         0  exit.o ABSOLUTE
    ../clib/string.c                         0x00000000   Number         0  strncpy.o ABSOLUTE
    ../clib/string.c                         0x00000000   Number         0  strlen.o ABSOLUTE
    ../fplib/cfplib/cmpret.c                 0x00000000   Number         0  cmpret.o ABSOLUTE
    ../fplib/cfplib/d2f.c                    0x00000000   Number         0  d2f.o ABSOLUTE
    ../fplib/cfplib/daddsub.c                0x00000000   Number         0  daddsub.o ABSOLUTE
    ../fplib/cfplib/dcmpin.c                 0x00000000   Number         0  dcmpin.o ABSOLUTE
    ../fplib/cfplib/ddiv.c                   0x00000000   Number         0  ddiv.o ABSOLUTE
    ../fplib/cfplib/dmul.c                   0x00000000   Number         0  dmul.o ABSOLUTE
    ../fplib/cfplib/drnd.c                   0x00000000   Number         0  drnd.o ABSOLUTE
    ../fplib/cfplib/f2d.c                    0x00000000   Number         0  f2d.o ABSOLUTE
    ../fplib/cfplib/ffix.c                   0x00000000   Number         0  dfixui.o ABSOLUTE
    ../fplib/cfplib/fflt.c                   0x00000000   Number         0  dflti.o ABSOLUTE
    ../fplib/cfplib/fpinit.c                 0x00000000   Number         0  fpinit.o ABSOLUTE
    ../fplib/cfplib/nan2.c                   0x00000000   Number         0  dnan2.o ABSOLUTE
    ../fplib/cfplib/retnan.c                 0x00000000   Number         0  retnan.o ABSOLUTE
    ../fplib/cfplib/scalbn.c                 0x00000000   Number         0  dscalbn.o ABSOLUTE
    ../fplib/deqf6m.s                        0x00000000   Number         0  deqf.o ABSOLUTE
    ../fplib/dleqf6m.s                       0x00000000   Number         0  dlef.o ABSOLUTE
    ../fplib/drleqf6m.s                      0x00000000   Number         0  drlef.o ABSOLUTE
    ../fplib/usenofp.s                       0x00000000   Number         0  usenofp.o ABSOLUTE
    ../mathlib/log.c                         0x00000000   Number         0  log_x.o ABSOLUTE
    ../mathlib/log.c                         0x00000000   Number         0  log.o ABSOLUTE
    ../mathlib/log10.c                       0x00000000   Number         0  log10_x.o ABSOLUTE
    ../mathlib/log10.c                       0x00000000   Number         0  log10.o ABSOLUTE
    ../mathlib/poly.c                        0x00000000   Number         0  poly.o ABSOLUTE
    ../mathlib/qnan.c                        0x00000000   Number         0  qnan.o ABSOLUTE
    ../mathlib/round.c                       0x00000000   Number         0  round.o ABSOLUTE
    ..\..\..\..\..\Source\app_common\app_button.c 0x00000000   Number         0  app_button.o ABSOLUTE
    ..\..\..\..\..\Source\app_common\app_gpiote.c 0x00000000   Number         0  app_gpiote.o ABSOLUTE
    ..\..\..\..\..\Source\app_common\app_scheduler.c 0x00000000   Number         0  app_scheduler.o ABSOLUTE
    ..\..\..\..\..\Source\app_common\app_timer.c 0x00000000   Number         0  app_timer.o ABSOLUTE
    ..\..\..\..\..\Source\app_common\crc16.c 0x00000000   Number         0  crc16.o ABSOLUTE
    ..\..\..\..\..\Source\app_common\pstorage.c 0x00000000   Number         0  pstorage.o ABSOLUTE
    ..\..\..\..\..\Source\ble\ble_advdata.c  0x00000000   Number         0  ble_advdata.o ABSOLUTE
    ..\..\..\..\..\Source\ble\ble_conn_params.c 0x00000000   Number         0  ble_conn_params.o ABSOLUTE
    ..\..\..\..\..\Source\ble\ble_debug_assert_handler.c 0x00000000   Number         0  ble_debug_assert_handler.o ABSOLUTE
    ..\..\..\..\..\Source\ble\ble_error_log.c 0x00000000   Number         0  ble_error_log.o ABSOLUTE
    ..\..\..\..\..\Source\ble\ble_services\ble_srv_common.c 0x00000000   Number         0  ble_srv_common.o ABSOLUTE
    ..\..\..\..\..\Source\sd_common\softdevice_handler.c 0x00000000   Number         0  softdevice_handler.o ABSOLUTE
    ..\..\..\..\..\Source\templates\arm\arm_startup_nrf51.s 0x00000000   Number         0  arm_startup_nrf51.o ABSOLUTE
    ..\..\..\..\..\Source\templates\system_nrf51.c 0x00000000   Number         0  system_nrf51.o ABSOLUTE
    ..\\..\\..\\..\\..\\Source\\app_common\\app_button.c 0x00000000   Number         0  app_button.o ABSOLUTE
    ..\\..\\..\\..\\..\\Source\\app_common\\app_gpiote.c 0x00000000   Number         0  app_gpiote.o ABSOLUTE
    ..\\..\\..\\..\\..\\Source\\app_common\\app_scheduler.c 0x00000000   Number         0  app_scheduler.o ABSOLUTE
    ..\\..\\..\\..\\..\\Source\\app_common\\app_timer.c 0x00000000   Number         0  app_timer.o ABSOLUTE
    ..\\..\\..\\..\\..\\Source\\app_common\\pstorage.c 0x00000000   Number         0  pstorage.o ABSOLUTE
    ..\\..\\..\\..\\..\\Source\\ble\\ble_advdata.c 0x00000000   Number         0  ble_advdata.o ABSOLUTE
    ..\\..\\..\\..\\..\\Source\\ble\\ble_conn_params.c 0x00000000   Number         0  ble_conn_params.o ABSOLUTE
    ..\\..\\..\\..\\..\\Source\\ble\\ble_debug_assert_handler.c 0x00000000   Number         0  ble_debug_assert_handler.o ABSOLUTE
    ..\\..\\..\\..\\..\\Source\\ble\\ble_error_log.c 0x00000000   Number         0  ble_error_log.o ABSOLUTE
    ..\\..\\..\\..\\..\\Source\\ble\\ble_services\\ble_srv_common.c 0x00000000   Number         0  ble_srv_common.o ABSOLUTE
    ..\\..\\..\\..\\..\\Source\\sd_common\\softdevice_handler.c 0x00000000   Number         0  softdevice_handler.o ABSOLUTE
    ..\\..\\..\\..\\..\\Source\\templates\\system_nrf51.c 0x00000000   Number         0  system_nrf51.o ABSOLUTE
    ..\\ble_dis.c                            0x00000000   Number         0  ble_dis.o ABSOLUTE
    ..\\ble_lbe.c                            0x00000000   Number         0  ble_lbe.o ABSOLUTE
    ..\\ble_luxsync.c                        0x00000000   Number         0  ble_luxsync.o ABSOLUTE
    ..\\m24m02.c                             0x00000000   Number         0  m24m02.o ABSOLUTE
    ..\\main.c                               0x00000000   Number         0  main.o ABSOLUTE
    ..\\max_44009.c                          0x00000000   Number         0  max_44009.o ABSOLUTE
    ..\\nrf_delay.c                          0x00000000   Number         0  nrf_delay.o ABSOLUTE
    ..\\twi_sw_master.c                      0x00000000   Number         0  twi_sw_master.o ABSOLUTE
    ..\ble_dis.c                             0x00000000   Number         0  ble_dis.o ABSOLUTE
    ..\ble_lbe.c                             0x00000000   Number         0  ble_lbe.o ABSOLUTE
    ..\ble_luxsync.c                         0x00000000   Number         0  ble_luxsync.o ABSOLUTE
    ..\ble_sensorsim.c                       0x00000000   Number         0  ble_sensorsim.o ABSOLUTE
    ..\m24m02.c                              0x00000000   Number         0  m24m02.o ABSOLUTE
    ..\main.c                                0x00000000   Number         0  main.o ABSOLUTE
    ..\max_44009.c                           0x00000000   Number         0  max_44009.o ABSOLUTE
    ..\nrf_delay.c                           0x00000000   Number         0  nrf_delay.o ABSOLUTE
    ..\twi_sw_master.c                       0x00000000   Number         0  twi_sw_master.o ABSOLUTE
    dc.s                                     0x00000000   Number         0  dc.o ABSOLUTE
    RESET                                    0x00014000   Section      192  arm_startup_nrf51.o(RESET)
    !!!main                                  0x000140c0   Section        8  __main.o(!!!main)
    !!!scatter                               0x000140c8   Section       60  __scatter.o(!!!scatter)
    !!handler_copy                           0x00014104   Section       26  __scatter_copy.o(!!handler_copy)
    !!handler_zi                             0x00014120   Section       28  __scatter_zi.o(!!handler_zi)
    .ARM.Collect$$libinit$$00000000          0x0001413c   Section        2  libinit.o(.ARM.Collect$$libinit$$00000000)
    .ARM.Collect$$libinit$$00000001          0x0001413e   Section        4  libinit2.o(.ARM.Collect$$libinit$$00000001)
    .ARM.Collect$$libinit$$00000008          0x00014142   Section        0  libinit2.o(.ARM.Collect$$libinit$$00000008)
    .ARM.Collect$$libinit$$0000000A          0x00014142   Section        0  libinit2.o(.ARM.Collect$$libinit$$0000000A)
    .ARM.Collect$$libinit$$0000000C          0x00014142   Section        0  libinit2.o(.ARM.Collect$$libinit$$0000000C)
    .ARM.Collect$$libinit$$0000000F          0x00014142   Section        0  libinit2.o(.ARM.Collect$$libinit$$0000000F)
    .ARM.Collect$$libinit$$00000011          0x00014142   Section        0  libinit2.o(.ARM.Collect$$libinit$$00000011)
    .ARM.Collect$$libinit$$00000013          0x00014142   Section        0  libinit2.o(.ARM.Collect$$libinit$$00000013)
    .ARM.Collect$$libinit$$00000015          0x00014142   Section        0  libinit2.o(.ARM.Collect$$libinit$$00000015)
    .ARM.Collect$$libinit$$00000017          0x00014142   Section        0  libinit2.o(.ARM.Collect$$libinit$$00000017)
    .ARM.Collect$$libinit$$00000019          0x00014142   Section        0  libinit2.o(.ARM.Collect$$libinit$$00000019)
    .ARM.Collect$$libinit$$0000001B          0x00014142   Section        0  libinit2.o(.ARM.Collect$$libinit$$0000001B)
    .ARM.Collect$$libinit$$0000001D          0x00014142   Section        0  libinit2.o(.ARM.Collect$$libinit$$0000001D)
    .ARM.Collect$$libinit$$0000001F          0x00014142   Section        0  libinit2.o(.ARM.Collect$$libinit$$0000001F)
    .ARM.Collect$$libinit$$00000021          0x00014142   Section        0  libinit2.o(.ARM.Collect$$libinit$$00000021)
    .ARM.Collect$$libinit$$00000023          0x00014142   Section        0  libinit2.o(.ARM.Collect$$libinit$$00000023)
    .ARM.Collect$$libinit$$0000002A          0x00014142   Section        0  libinit2.o(.ARM.Collect$$libinit$$0000002A)
    .ARM.Collect$$libinit$$0000002C          0x00014142   Section        0  libinit2.o(.ARM.Collect$$libinit$$0000002C)
    .ARM.Collect$$libinit$$0000002E          0x00014142   Section        0  libinit2.o(.ARM.Collect$$libinit$$0000002E)
    .ARM.Collect$$libinit$$00000030          0x00014142   Section        0  libinit2.o(.ARM.Collect$$libinit$$00000030)
    .ARM.Collect$$libinit$$00000031          0x00014142   Section        2  libinit2.o(.ARM.Collect$$libinit$$00000031)
    .ARM.Collect$$libshutdown$$00000000      0x00014144   Section        2  libshutdown.o(.ARM.Collect$$libshutdown$$00000000)
    .ARM.Collect$$libshutdown$$00000003      0x00014146   Section        0  libshutdown2.o(.ARM.Collect$$libshutdown$$00000003)
    .ARM.Collect$$libshutdown$$00000006      0x00014146   Section        0  libshutdown2.o(.ARM.Collect$$libshutdown$$00000006)
    .ARM.Collect$$libshutdown$$00000009      0x00014146   Section        0  libshutdown2.o(.ARM.Collect$$libshutdown$$00000009)
    .ARM.Collect$$libshutdown$$0000000B      0x00014146   Section        0  libshutdown2.o(.ARM.Collect$$libshutdown$$0000000B)
    .ARM.Collect$$libshutdown$$0000000E      0x00014146   Section        0  libshutdown2.o(.ARM.Collect$$libshutdown$$0000000E)
    .ARM.Collect$$libshutdown$$0000000F      0x00014146   Section        2  libshutdown2.o(.ARM.Collect$$libshutdown$$0000000F)
    .ARM.Collect$$rtentry$$00000000          0x00014148   Section        0  rtentry.o(.ARM.Collect$$rtentry$$00000000)
    .ARM.Collect$$rtentry$$00000002          0x00014148   Section        0  rtentry2.o(.ARM.Collect$$rtentry$$00000002)
    .ARM.Collect$$rtentry$$00000004          0x00014148   Section        6  rtentry4.o(.ARM.Collect$$rtentry$$00000004)
    .ARM.Collect$$rtentry$$00000009          0x0001414e   Section        0  rtentry2.o(.ARM.Collect$$rtentry$$00000009)
    .ARM.Collect$$rtentry$$0000000A          0x0001414e   Section        4  rtentry2.o(.ARM.Collect$$rtentry$$0000000A)
    .ARM.Collect$$rtentry$$0000000C          0x00014152   Section        0  rtentry2.o(.ARM.Collect$$rtentry$$0000000C)
    .ARM.Collect$$rtentry$$0000000D          0x00014152   Section        8  rtentry2.o(.ARM.Collect$$rtentry$$0000000D)
    .ARM.Collect$$rtexit$$00000000           0x0001415a   Section        2  rtexit.o(.ARM.Collect$$rtexit$$00000000)
    .ARM.Collect$$rtexit$$00000002           0x0001415c   Section        0  rtexit2.o(.ARM.Collect$$rtexit$$00000002)
    .ARM.Collect$$rtexit$$00000003           0x0001415c   Section        4  rtexit2.o(.ARM.Collect$$rtexit$$00000003)
    .ARM.Collect$$rtexit$$00000004           0x00014160   Section        6  rtexit2.o(.ARM.Collect$$rtexit$$00000004)
    .emb_text                                0x00014168   Section       30  app_timer.o(.emb_text)
    .emb_text                                0x00014188   Section       30  twi_sw_master.o(.emb_text)
    .emb_text                                0x000141a8   Section       30  nrf_delay.o(.emb_text)
    .emb_text                                0x000141c8   Section       56  rt_memcpy.o(.emb_text)
    .text                                    0x00014200   Section       72  arm_startup_nrf51.o(.text)
    .text                                    0x00014248   Section        0  system_nrf51.o(.text)
    is_disabled_in_debug_needed              0x00014251   Thumb Code    52  system_nrf51.o(.text)
    is_manual_peripheral_setup_needed        0x00014285   Thumb Code   104  system_nrf51.o(.text)
    .text                                    0x00014330   Section        0  main.o(.text)
    lux_measurement_send                     0x0001435d   Thumb Code   212  main.o(.text)
    lux_meas_timeout_handler                 0x00014431   Thumb Code    10  main.o(.text)
    s_rate_write_handler                     0x0001443b   Thumb Code    62  main.o(.text)
    Luxsync_ack_write_handler                0x00014479   Thumb Code    62  main.o(.text)
    pw_bus_init                              0x000144b7   Thumb Code    52  main.o(.text)
    leds_init                                0x000144eb   Thumb Code    40  main.o(.text)
    timers_init                              0x00014513   Thumb Code    90  main.o(.text)
    gap_params_init                          0x0001456d   Thumb Code   156  main.o(.text)
    advertising_init                         0x00014609   Thumb Code   106  main.o(.text)
    services_init                            0x00014673   Thumb Code   392  main.o(.text)
    sec_params_init                          0x000147fb   Thumb Code    68  main.o(.text)
    on_conn_params_evt                       0x0001483f   Thumb Code    46  main.o(.text)
    conn_params_error_handler                0x0001486d   Thumb Code    22  main.o(.text)
    conn_params_init                         0x00014883   Thumb Code    84  main.o(.text)
    timers_start                             0x000148d7   Thumb Code    46  main.o(.text)
    advertising_start                        0x00014905   Thumb Code    74  main.o(.text)
    on_ble_evt                               0x0001494f   Thumb Code   360  main.o(.text)
    ble_evt_dispatch                         0x00014ab7   Thumb Code    34  main.o(.text)
    sys_evt_dispatch                         0x00014ad9   Thumb Code    12  main.o(.text)
    ble_stack_init                           0x00014ae5   Thumb Code   116  main.o(.text)
    scheduler_init                           0x00014b59   Thumb Code    46  main.o(.text)
    gpiote_init                              0x00014b87   Thumb Code    44  main.o(.text)
    buttons_init                             0x00014bb3   Thumb Code   126  main.o(.text)
    power_manage                             0x00014c31   Thumb Code    32  main.o(.text)
    nrf_gpio_cfg_output                      0x00014c9d   Thumb Code    18  main.o(.text)
    nrf_gpio_pin_set                         0x00014caf   Thumb Code    10  main.o(.text)
    nrf_gpio_pin_clear                       0x00014cb9   Thumb Code    10  main.o(.text)
    app_timer_evt_schedule                   0x00014cc3   Thumb Code    22  main.o(.text)
    app_button_evt_schedule                  0x00014cd9   Thumb Code    26  main.o(.text)
    app_timer_evt_get                        0x00014cf3   Thumb Code    50  main.o(.text)
    app_button_evt_get                       0x00014d25   Thumb Code    50  main.o(.text)
    .text                                    0x00014dcc   Section        0  ble_srv_common.o(.text)
    .text                                    0x00014e54   Section        0  ble_dis.o(.text)
    sys_id_encode                            0x00014e55   Thumb Code   160  ble_dis.o(.text)
    pnp_id_encode                            0x00014ef5   Thumb Code   152  ble_dis.o(.text)
    char_add                                 0x00014f8d   Thumb Code   232  ble_dis.o(.text)
    uint16_encode                            0x000151f7   Thumb Code    18  ble_dis.o(.text)
    .text                                    0x00015248   Section        0  ble_lbe.o(.text)
    on_connect                               0x00015249   Thumb Code     6  ble_lbe.o(.text)
    on_disconnect                            0x0001524f   Thumb Code     8  ble_lbe.o(.text)
    on_write                                 0x00015257   Thumb Code    38  ble_lbe.o(.text)
    lux_1_level_char_add                     0x000152b7   Thumb Code   302  ble_lbe.o(.text)
    lux_2_level_char_add                     0x000153e5   Thumb Code   306  ble_lbe.o(.text)
    lux_3_level_char_add                     0x00015517   Thumb Code   306  ble_lbe.o(.text)
    lux_4_level_char_add                     0x00015649   Thumb Code   312  ble_lbe.o(.text)
    Sample_rate_add                          0x00015781   Thumb Code   228  ble_lbe.o(.text)
    lbe_measurement_encode                   0x00015917   Thumb Code    52  ble_lbe.o(.text)
    .text                                    0x00015ba0   Section        0  ble_luxsync.o(.text)
    on_connect                               0x00015ba1   Thumb Code     6  ble_luxsync.o(.text)
    on_disconnect                            0x00015ba7   Thumb Code     8  ble_luxsync.o(.text)
    on_write                                 0x00015baf   Thumb Code    38  ble_luxsync.o(.text)
    LuxSync_char_add                         0x00015c0f   Thumb Code   300  ble_luxsync.o(.text)
    LuxSync_ACK_add                          0x00015d3b   Thumb Code   226  ble_luxsync.o(.text)
    .text                                    0x00015f20   Section        0  pstorage.o(.text)
    cmd_queue_element_init                   0x00015f21   Thumb Code    56  pstorage.o(.text)
    cmd_queue_init                           0x00015f59   Thumb Code    40  pstorage.o(.text)
    swap_state_process                       0x00015f81   Thumb Code   578  pstorage.o(.text)
    cmd_process                              0x000161c3   Thumb Code   382  pstorage.o(.text)
    cmd_queue_enqueue                        0x00016341   Thumb Code   138  pstorage.o(.text)
    app_notify                               0x000163cb   Thumb Code   100  pstorage.o(.text)
    cmd_queue_dequeue                        0x0001642f   Thumb Code    36  pstorage.o(.text)
    is_word_aligned                          0x00016b87   Thumb Code    18  pstorage.o(.text)
    .text                                    0x00016ba0   Section        0  ble_advdata.o(.text)
    name_encode                              0x00016ba1   Thumb Code   150  ble_advdata.o(.text)
    appearance_encode                        0x00016c37   Thumb Code    74  ble_advdata.o(.text)
    uint8_array_encode                       0x00016c81   Thumb Code    82  ble_advdata.o(.text)
    tx_power_level_encode                    0x00016cd3   Thumb Code    48  ble_advdata.o(.text)
    uuid_list_sized_encode                   0x00016d03   Thumb Code   196  ble_advdata.o(.text)
    uuid_list_encode                         0x00016dc7   Thumb Code    64  ble_advdata.o(.text)
    conn_int_check                           0x00016e07   Thumb Code    88  ble_advdata.o(.text)
    conn_int_encode                          0x00016e5f   Thumb Code    92  ble_advdata.o(.text)
    manuf_specific_data_encode               0x00016ebb   Thumb Code   106  ble_advdata.o(.text)
    service_data_encode                      0x00016f25   Thumb Code   140  ble_advdata.o(.text)
    adv_data_encode                          0x00016fb1   Thumb Code   304  ble_advdata.o(.text)
    advdata_check                            0x000170e1   Thumb Code    34  ble_advdata.o(.text)
    srdata_check                             0x00017103   Thumb Code    16  ble_advdata.o(.text)
    uint16_encode                            0x0001718d   Thumb Code    18  ble_advdata.o(.text)
    .text                                    0x000171a4   Section        0  app_scheduler.o(.text)
    app_sched_event_get                      0x000172d5   Thumb Code    84  app_scheduler.o(.text)
    current_int_priority_get                 0x00017347   Thumb Code    84  app_scheduler.o(.text)
    next_index                               0x0001739b   Thumb Code    20  app_scheduler.o(.text)
    .text                                    0x00017408   Section        0  app_timer.o(.text)
    NVIC_SetPriority                         0x00017409   Thumb Code   110  app_timer.o(.text)
    rtc1_init                                0x00017477   Thumb Code    18  app_timer.o(.text)
    rtc1_start                               0x00017489   Thumb Code    42  app_timer.o(.text)
    rtc1_stop                                0x000174b3   Thumb Code    44  app_timer.o(.text)
    timer_list_insert                        0x000174df   Thumb Code   212  app_timer.o(.text)
    timer_list_remove                        0x000175b3   Thumb Code   156  app_timer.o(.text)
    timer_timeouts_check_sched               0x0001764f   Thumb Code    10  app_timer.o(.text)
    timer_list_handler_sched                 0x00017659   Thumb Code    10  app_timer.o(.text)
    timeout_handler_exec                     0x00017663   Thumb Code    60  app_timer.o(.text)
    timer_timeouts_check                     0x0001769f   Thumb Code   132  app_timer.o(.text)
    elapsed_ticks_acquire                    0x00017723   Thumb Code    82  app_timer.o(.text)
    list_deletions_handler                   0x00017775   Thumb Code   280  app_timer.o(.text)
    expired_timers_handler                   0x0001788d   Thumb Code   100  app_timer.o(.text)
    list_insertions_handler                  0x000178f1   Thumb Code   264  app_timer.o(.text)
    compare_reg_update                       0x000179f9   Thumb Code   128  app_timer.o(.text)
    timer_list_handler                       0x00017a79   Thumb Code    70  app_timer.o(.text)
    user_op_enque                            0x00017abf   Thumb Code     4  app_timer.o(.text)
    user_op_alloc                            0x00017ac3   Thumb Code    44  app_timer.o(.text)
    timer_start_op_schedule                  0x00017aef   Thumb Code    80  app_timer.o(.text)
    timer_stop_op_schedule                   0x00017b3f   Thumb Code    58  app_timer.o(.text)
    timer_stop_all_op_schedule               0x00017b79   Thumb Code    58  app_timer.o(.text)
    user_id_get                              0x00017d3f   Thumb Code    34  app_timer.o(.text)
    NVIC_EnableIRQ                           0x00017e3d   Thumb Code    14  app_timer.o(.text)
    NVIC_SetPendingIRQ                       0x00017e4b   Thumb Code    14  app_timer.o(.text)
    NVIC_ClearPendingIRQ                     0x00017e59   Thumb Code    16  app_timer.o(.text)
    current_int_priority_get                 0x00017e69   Thumb Code    84  app_timer.o(.text)
    rtc1_counter_get                         0x00017ebd   Thumb Code     6  app_timer.o(.text)
    ticks_diff_get                           0x00017ec3   Thumb Code    10  app_timer.o(.text)
    .text                                    0x00017ef4   Section        0  ble_conn_params.o(.text)
    is_conn_params_ok                        0x00017ef5   Thumb Code    30  ble_conn_params.o(.text)
    update_timeout_handler                   0x00017f13   Thumb Code   136  ble_conn_params.o(.text)
    conn_params_negotiation                  0x00018001   Thumb Code   126  ble_conn_params.o(.text)
    on_connect                               0x0001807f   Thumb Code    42  ble_conn_params.o(.text)
    on_disconnect                            0x000180a9   Thumb Code    50  ble_conn_params.o(.text)
    on_write                                 0x000180db   Thumb Code    84  ble_conn_params.o(.text)
    on_conn_params_update                    0x0001812f   Thumb Code    20  ble_conn_params.o(.text)
    .text                                    0x000181fc   Section        0  softdevice_handler.o(.text)
    .text                                    0x000183d0   Section        0  app_button.o(.text)
    button_handler_execute                   0x000183d1   Thumb Code    82  app_button.o(.text)
    detection_delay_timeout_handler          0x00018423   Thumb Code   146  app_button.o(.text)
    gpiote_event_handler                     0x000184b5   Thumb Code    52  app_button.o(.text)
    .text                                    0x00018674   Section        0  app_gpiote.o(.text)
    sense_level_toggle                       0x00018675   Thumb Code   128  app_gpiote.o(.text)
    pins_sense_disable                       0x00018793   Thumb Code    98  app_gpiote.o(.text)
    NVIC_SetPriority                         0x00018a4b   Thumb Code   110  app_gpiote.o(.text)
    .text                                    0x00018ae0   Section        0  ble_debug_assert_handler.o(.text)
    .text                                    0x00018b1c   Section        0  max_44009.o(.text)
    nrf_gpio_pin_set                         0x00018c35   Thumb Code    10  max_44009.o(.text)
    nrf_gpio_pin_clear                       0x00018c3f   Thumb Code    10  max_44009.o(.text)
    .text                                    0x00018c60   Section        0  twi_sw_master.o(.text)
    twi_master_clear_bus                     0x00018c61   Thumb Code   142  twi_sw_master.o(.text)
    twi_master_wait_while_scl_low            0x00018d35   Thumb Code    38  twi_sw_master.o(.text)
    twi_master_issue_stopcondition           0x00018d5b   Thumb Code    52  twi_sw_master.o(.text)
    twi_master_clock_byte                    0x00018d8f   Thumb Code   176  twi_sw_master.o(.text)
    twi_master_clock_byte_in                 0x00018e3f   Thumb Code   156  twi_sw_master.o(.text)
    twi_master_issue_startcondition          0x00018edb   Thumb Code    70  twi_sw_master.o(.text)
    .text                                    0x00018fa8   Section        0  nrf_delay.o(.text)
    .text                                    0x00018fc4   Section        0  m24m02.o(.text)
    nrf_gpio_pin_set                         0x000192d7   Thumb Code    10  m24m02.o(.text)
    .text                                    0x000192e8   Section        0  strlen.o(.text)
    .text                                    0x0001932c   Section        0  rt_memcpy.o(.text)
    .text                                    0x000193ae   Section        0  rt_memclr.o(.text)
    .text                                    0x000193f0   Section        0  strncpy.o(.text)
    .text                                    0x0001945c   Section      346  aeabi_sdiv.o(.text)
    .text                                    0x000195b6   Section        0  heapauxi.o(.text)
    .text                                    0x000195bc   Section        0  d2f.o(.text)
    .text                                    0x00019638   Section        0  dfixui.o(.text)
    .text                                    0x0001967c   Section        0  dflti.o(.text)
    .text                                    0x000196d4   Section        0  dmul.o(.text)
    .text                                    0x0001993c   Section        0  f2d.o(.text)
    .text                                    0x00019990   Section        0  _rserrno.o(.text)
    .text                                    0x000199a8   Section        0  daddsub.o(.text)
    _dadd1                                   0x000199a9   Thumb Code   290  daddsub.o(.text)
    _dsub1                                   0x00019acb   Thumb Code   470  daddsub.o(.text)
    .text                                    0x00019cf8   Section        0  ddiv.o(.text)
    .text                                    0x0001a140   Section        0  drnd.o(.text)
    .text                                    0x0001a234   Section        0  dscalbn.o(.text)
    .text                                    0x0001a290   Section        8  rt_errno_addr_intlibspace.o(.text)
    .text                                    0x0001a298   Section        0  dcmpin.o(.text)
    .text                                    0x0001a328   Section        8  libspace.o(.text)
    .text                                    0x0001a330   Section       62  sys_stackheap_outer.o(.text)
    .text                                    0x0001a36e   Section        0  exit.o(.text)
    .text                                    0x0001a37c   Section        0  cmpret.o(.text)
    .text                                    0x0001a3ac   Section        0  dnan2.o(.text)
    .text                                    0x0001a3c0   Section        0  retnan.o(.text)
    .text                                    0x0001a420   Section        0  sys_exit.o(.text)
    .text                                    0x0001a42c   Section        2  use_no_semi.o(.text)
    .text                                    0x0001a42e   Section        0  indicate_semi.o(.text)
    i.__ARM_common_switch8                   0x0001a42e   Section        0  pstorage.o(i.__ARM_common_switch8)
    i.__kernel_poly                          0x0001a44a   Section        0  poly.o(i.__kernel_poly)
    i.log                                    0x0001a4f8   Section        0  log.o(i.log)
    i.log10                                  0x0001a848   Section        0  log10.o(i.log10)
    i.round                                  0x0001a940   Section        0  round.o(i.round)
    x$fpl$deqf                               0x0001a9dc   Section      100  deqf.o(x$fpl$deqf)
    x$fpl$dleqf                              0x0001aa40   Section      100  dlef.o(x$fpl$dleqf)
    x$fpl$drleqf                             0x0001aaa4   Section      104  drlef.o(x$fpl$drleqf)
    .constdata                               0x0001ab0c   Section        4  main.o(.constdata)
    x$fpl$usenofp                            0x0001ab0c   Section        0  usenofp.o(x$fpl$usenofp)
    .constdata                               0x0001ab10   Section       16  ble_lbe.o(.constdata)
    .constdata                               0x0001ab20   Section       16  ble_luxsync.o(.constdata)
    .constdata                               0x0001ab30   Section        6  max_44009.o(.constdata)
    .constdata                               0x0001ab36   Section      128  ddiv.o(.constdata)
    ddiv_reciptbl                            0x0001ab36   Data         128  ddiv.o(.constdata)
    .constdata                               0x0001abb8   Section       56  log.o(.constdata)
    Lg2                                      0x0001abb8   Data          24  log.o(.constdata)
    Lg                                       0x0001abd0   Data          32  log.o(.constdata)
    .constdata                               0x0001abf0   Section        8  qnan.o(.constdata)
    .data                                    0x20002000   Section        4  system_nrf51.o(.data)
    __tagsym$$used                           0x20002000   Number         0  system_nrf51.o(.data)
    .data                                    0x20002004   Section       16  main.o(.data)
    m_sec_params                             0x20002004   Data           6  main.o(.data)
    m_conn_handle                            0x2000200a   Data           2  main.o(.data)
    m_lux_meas_ind_conf_pending              0x2000200c   Data           1  main.o(.data)
    m_lux_timer_id                           0x20002010   Data           4  main.o(.data)
    .data                                    0x20002014   Section       74  ble_dis.o(.data)
    service_handle                           0x20002014   Data           2  ble_dis.o(.data)
    manufact_name_handles                    0x20002016   Data           8  ble_dis.o(.data)
    model_num_handles                        0x2000201e   Data           8  ble_dis.o(.data)
    serial_num_handles                       0x20002026   Data           8  ble_dis.o(.data)
    hw_rev_handles                           0x2000202e   Data           8  ble_dis.o(.data)
    fw_rev_handles                           0x20002036   Data           8  ble_dis.o(.data)
    sw_rev_handles                           0x2000203e   Data           8  ble_dis.o(.data)
    sys_id_handles                           0x20002046   Data           8  ble_dis.o(.data)
    reg_cert_data_list_handles               0x2000204e   Data           8  ble_dis.o(.data)
    pnp_id_handles                           0x20002056   Data           8  ble_dis.o(.data)
    .data                                    0x20002060   Section       16  pstorage.o(.data)
    m_next_app_instance                      0x20002060   Data           2  pstorage.o(.data)
    m_next_page_addr                         0x20002064   Data           4  pstorage.o(.data)
    m_round_val                              0x20002068   Data           2  pstorage.o(.data)
    m_module_initialized                     0x2000206a   Data           1  pstorage.o(.data)
    m_swap_state                             0x2000206c   Data           4  pstorage.o(.data)
    .data                                    0x20002070   Section       14  app_scheduler.o(.data)
    m_queue_event_headers                    0x20002070   Data           4  app_scheduler.o(.data)
    m_queue_event_data                       0x20002074   Data           4  app_scheduler.o(.data)
    m_queue_start_index                      0x20002078   Data           1  app_scheduler.o(.data)
    m_queue_end_index                        0x20002079   Data           1  app_scheduler.o(.data)
    m_queue_event_size                       0x2000207a   Data           2  app_scheduler.o(.data)
    m_queue_size                             0x2000207c   Data           2  app_scheduler.o(.data)
    .data                                    0x20002080   Section       40  app_timer.o(.data)
    m_node_array_size                        0x20002080   Data           1  app_timer.o(.data)
    mp_nodes                                 0x20002084   Data           4  app_timer.o(.data)
    m_user_array_size                        0x20002088   Data           1  app_timer.o(.data)
    mp_users                                 0x2000208c   Data           4  app_timer.o(.data)
    m_timer_id_head                          0x20002090   Data           4  app_timer.o(.data)
    m_ticks_latest                           0x20002094   Data           4  app_timer.o(.data)
    m_ticks_elapsed                          0x20002098   Data           8  app_timer.o(.data)
    m_ticks_elapsed_q_read_ind               0x200020a0   Data           1  app_timer.o(.data)
    m_ticks_elapsed_q_write_ind              0x200020a1   Data           1  app_timer.o(.data)
    m_evt_schedule_func                      0x200020a4   Data           4  app_timer.o(.data)
    .data                                    0x200020a8   Section       25  ble_conn_params.o(.data)
    m_preferred_conn_params                  0x200020a8   Data           8  ble_conn_params.o(.data)
    m_update_count                           0x200020b0   Data           1  ble_conn_params.o(.data)
    m_conn_handle                            0x200020b2   Data           2  ble_conn_params.o(.data)
    m_current_conn_params                    0x200020b4   Data           8  ble_conn_params.o(.data)
    m_conn_params_timer_id                   0x200020bc   Data           4  ble_conn_params.o(.data)
    m_change_param                           0x200020c0   Data           1  ble_conn_params.o(.data)
    .data                                    0x200020c4   Section       20  softdevice_handler.o(.data)
    m_evt_schedule_func                      0x200020c4   Data           4  softdevice_handler.o(.data)
    m_evt_buffer                             0x200020c8   Data           4  softdevice_handler.o(.data)
    m_ble_evt_buffer_size                    0x200020cc   Data           2  softdevice_handler.o(.data)
    m_softdevice_enabled                     0x200020ce   Data           1  softdevice_handler.o(.data)
    m_ble_evt_handler                        0x200020d0   Data           4  softdevice_handler.o(.data)
    m_sys_evt_handler                        0x200020d4   Data           4  softdevice_handler.o(.data)
    .data                                    0x200020d8   Section       32  app_button.o(.data)
    mp_buttons                               0x200020d8   Data           4  app_button.o(.data)
    m_button_count                           0x200020dc   Data           1  app_button.o(.data)
    m_detection_delay                        0x200020e0   Data           4  app_button.o(.data)
    m_evt_schedule_func                      0x200020e4   Data           4  app_button.o(.data)
    m_gpiote_user_id                         0x200020e8   Data           1  app_button.o(.data)
    m_detection_delay_timer_id               0x200020ec   Data           4  app_button.o(.data)
    m_pin_transition                         0x200020f0   Data           8  app_button.o(.data)
    .data                                    0x200020f8   Section       12  app_gpiote.o(.data)
    m_enabled_users_mask                     0x200020f8   Data           4  app_gpiote.o(.data)
    m_user_array_size                        0x200020fc   Data           1  app_gpiote.o(.data)
    m_user_count                             0x200020fd   Data           1  app_gpiote.o(.data)
    mp_users                                 0x20002100   Data           4  app_gpiote.o(.data)
    .data                                    0x20002104   Section        8  ble_debug_assert_handler.o(.data)
    s_line_num                               0x20002104   Data           2  ble_debug_assert_handler.o(.data)
    s_error_code                             0x20002108   Data           4  ble_debug_assert_handler.o(.data)
    .data                                    0x2000210c   Section        1  max_44009.o(.data)
    m_device_address                         0x2000210c   Data           1  max_44009.o(.data)
    .data                                    0x2000210d   Section        4  m24m02.o(.data)
    .bss                                     0x20002114   Section     1020  main.o(.bss)
    m_lbe                                    0x20002114   Data          52  main.o(.bss)
    m_luxsync                                0x20002148   Data          36  main.o(.bss)
    m_lux_values                             0x2000216c   Data          16  main.o(.bss)
    APP_TIMER_BUF                            0x2000217c   Data         576  main.o(.bss)
    m_auth_status                            0x200023bc   Data          50  main.o(.bss)
    EVT_BUFFER                               0x200023f0   Data          80  main.o(.bss)
    APP_SCHED_BUF                            0x20002440   Data         176  main.o(.bss)
    app_gpiote_buf                           0x200024f0   Data          20  main.o(.bss)
    buttons                                  0x20002504   Data          12  main.o(.bss)
    .bss                                     0x20002510   Section      636  pstorage.o(.bss)
    m_cmd_queue                              0x20002510   Data         604  pstorage.o(.bss)
    m_app_table                              0x2000276c   Data          32  pstorage.o(.bss)
    .bss                                     0x2000278c   Section       28  ble_conn_params.o(.bss)
    m_conn_params_config                     0x2000278c   Data          28  ble_conn_params.o(.bss)
    .bss                                     0x200027a8   Section      128  ble_debug_assert_handler.o(.bss)
    s_file_name                              0x200027a8   Data         128  ble_debug_assert_handler.o(.bss)
    .bss                                     0x20002828   Section       96  libspace.o(.bss)
    HEAP                                     0x20002888   Section     2048  arm_startup_nrf51.o(HEAP)
    Heap_Mem                                 0x20002888   Data        2048  arm_startup_nrf51.o(HEAP)
    STACK                                    0x20003088   Section     2048  arm_startup_nrf51.o(STACK)
    Stack_Mem                                0x20003088   Data        2048  arm_startup_nrf51.o(STACK)
    __initial_sp                             0x20003888   Data           0  arm_startup_nrf51.o(STACK)

    Global Symbols

    Symbol Name                              Value     Ov Type        Size  Object(Section)

    BuildAttributes$$THM_ISAv3M$S$PE$A:L22$X:L11$S22$IEEE1$IW$USESV6$~STKCKD$USESV7$ENUMINT$~SHL$OTIME$ROPI$IEEEJ$EBA8$UX$STANDARDLIB$REQ8$PRES8$EABIv2 0x00000000   Number         0  anon$$obj.o ABSOLUTE
    __ARM_use_no_argv                        0x00000000   Number         0  main.o ABSOLUTE
    __ARM_exceptions_init                     - Undefined Weak Reference
    __alloca_initialize                       - Undefined Weak Reference
    __cpp_initialize__aeabi_                  - Undefined Weak Reference
    __cxa_finalize                            - Undefined Weak Reference
    __rt_locale                               - Undefined Weak Reference
    __sigvec_lookup                           - Undefined Weak Reference
    _atexit_init                              - Undefined Weak Reference
    _call_atexit_fns                          - Undefined Weak Reference
    _clock_init                               - Undefined Weak Reference
    _fp_trap_init                             - Undefined Weak Reference
    _fp_trap_shutdown                         - Undefined Weak Reference
    _get_lc_collate                           - Undefined Weak Reference
    _get_lc_ctype                             - Undefined Weak Reference
    _get_lc_monetary                          - Undefined Weak Reference
    _get_lc_numeric                           - Undefined Weak Reference
    _get_lc_time                              - Undefined Weak Reference
    _getenv_init                              - Undefined Weak Reference
    _handle_redirection                       - Undefined Weak Reference
    _init_alloc                               - Undefined Weak Reference
    _init_user_alloc                          - Undefined Weak Reference
    _initio                                   - Undefined Weak Reference
    _rand_init                                - Undefined Weak Reference
    _signal_finish                            - Undefined Weak Reference
    _signal_init                              - Undefined Weak Reference
    _terminate_alloc                          - Undefined Weak Reference
    _terminate_user_alloc                     - Undefined Weak Reference
    _terminateio                              - Undefined Weak Reference
    __Vectors_Size                           0x000000c0   Number         0  arm_startup_nrf51.o ABSOLUTE
    __Vectors                                0x00014000   Data           4  arm_startup_nrf51.o(RESET)
    __Vectors_End                            0x000140c0   Data           0  arm_startup_nrf51.o(RESET)
    __main                                   0x000140c1   Thumb Code     8  __main.o(!!!main)
    __scatterload                            0x000140c9   Thumb Code     0  __scatter.o(!!!scatter)
    __scatterload_rt2                        0x000140c9   Thumb Code    52  __scatter.o(!!!scatter)
    __scatterload_rt2_thumb_only             0x000140c9   Thumb Code     0  __scatter.o(!!!scatter)
    __scatterload_null                       0x000140d9   Thumb Code     0  __scatter.o(!!!scatter)
    __scatterload_copy                       0x00014105   Thumb Code    26  __scatter_copy.o(!!handler_copy)
    __scatterload_zeroinit                   0x00014121   Thumb Code    28  __scatter_zi.o(!!handler_zi)
    __rt_lib_init                            0x0001413d   Thumb Code     0  libinit.o(.ARM.Collect$$libinit$$00000000)
    __rt_lib_init_fp_1                       0x0001413f   Thumb Code     0  libinit2.o(.ARM.Collect$$libinit$$00000001)
    __rt_lib_init_alloca_1                   0x00014143   Thumb Code     0  libinit2.o(.ARM.Collect$$libinit$$0000002C)
    __rt_lib_init_argv_1                     0x00014143   Thumb Code     0  libinit2.o(.ARM.Collect$$libinit$$0000002A)
    __rt_lib_init_atexit_1                   0x00014143   Thumb Code     0  libinit2.o(.ARM.Collect$$libinit$$00000019)
    __rt_lib_init_clock_1                    0x00014143   Thumb Code     0  libinit2.o(.ARM.Collect$$libinit$$0000001F)
    __rt_lib_init_cpp_1                      0x00014143   Thumb Code     0  libinit2.o(.ARM.Collect$$libinit$$00000030)
    __rt_lib_init_exceptions_1               0x00014143   Thumb Code     0  libinit2.o(.ARM.Collect$$libinit$$0000002E)
    __rt_lib_init_fp_trap_1                  0x00014143   Thumb Code     0  libinit2.o(.ARM.Collect$$libinit$$0000001D)
    __rt_lib_init_getenv_1                   0x00014143   Thumb Code     0  libinit2.o(.ARM.Collect$$libinit$$00000021)
    __rt_lib_init_heap_1                     0x00014143   Thumb Code     0  libinit2.o(.ARM.Collect$$libinit$$00000008)
    __rt_lib_init_lc_collate_1               0x00014143   Thumb Code     0  libinit2.o(.ARM.Collect$$libinit$$0000000F)
    __rt_lib_init_lc_ctype_1                 0x00014143   Thumb Code     0  libinit2.o(.ARM.Collect$$libinit$$00000011)
    __rt_lib_init_lc_monetary_1              0x00014143   Thumb Code     0  libinit2.o(.ARM.Collect$$libinit$$00000013)
    __rt_lib_init_lc_numeric_1               0x00014143   Thumb Code     0  libinit2.o(.ARM.Collect$$libinit$$00000015)
    __rt_lib_init_lc_time_1                  0x00014143   Thumb Code     0  libinit2.o(.ARM.Collect$$libinit$$00000017)
    __rt_lib_init_rand_1                     0x00014143   Thumb Code     0  libinit2.o(.ARM.Collect$$libinit$$0000000C)
    __rt_lib_init_return                     0x00014143   Thumb Code     0  libinit2.o(.ARM.Collect$$libinit$$00000031)
    __rt_lib_init_signal_1                   0x00014143   Thumb Code     0  libinit2.o(.ARM.Collect$$libinit$$0000001B)
    __rt_lib_init_stdio_1                    0x00014143   Thumb Code     0  libinit2.o(.ARM.Collect$$libinit$$00000023)
    __rt_lib_init_user_alloc_1               0x00014143   Thumb Code     0  libinit2.o(.ARM.Collect$$libinit$$0000000A)
    __rt_lib_shutdown                        0x00014145   Thumb Code     0  libshutdown.o(.ARM.Collect$$libshutdown$$00000000)
    __rt_lib_shutdown_fp_trap_1              0x00014147   Thumb Code     0  libshutdown2.o(.ARM.Collect$$libshutdown$$00000006)
    __rt_lib_shutdown_heap_1                 0x00014147   Thumb Code     0  libshutdown2.o(.ARM.Collect$$libshutdown$$0000000E)
    __rt_lib_shutdown_return                 0x00014147   Thumb Code     0  libshutdown2.o(.ARM.Collect$$libshutdown$$0000000F)
    __rt_lib_shutdown_signal_1               0x00014147   Thumb Code     0  libshutdown2.o(.ARM.Collect$$libshutdown$$00000009)
    __rt_lib_shutdown_stdio_1                0x00014147   Thumb Code     0  libshutdown2.o(.ARM.Collect$$libshutdown$$00000003)
    __rt_lib_shutdown_user_alloc_1           0x00014147   Thumb Code     0  libshutdown2.o(.ARM.Collect$$libshutdown$$0000000B)
    __rt_entry                               0x00014149   Thumb Code     0  rtentry.o(.ARM.Collect$$rtentry$$00000000)
    __rt_entry_presh_1                       0x00014149   Thumb Code     0  rtentry2.o(.ARM.Collect$$rtentry$$00000002)
    __rt_entry_sh                            0x00014149   Thumb Code     0  rtentry4.o(.ARM.Collect$$rtentry$$00000004)
    __rt_entry_li                            0x0001414f   Thumb Code     0  rtentry2.o(.ARM.Collect$$rtentry$$0000000A)
    __rt_entry_postsh_1                      0x0001414f   Thumb Code     0  rtentry2.o(.ARM.Collect$$rtentry$$00000009)
    __rt_entry_main                          0x00014153   Thumb Code     0  rtentry2.o(.ARM.Collect$$rtentry$$0000000D)
    __rt_entry_postli_1                      0x00014153   Thumb Code     0  rtentry2.o(.ARM.Collect$$rtentry$$0000000C)
    __rt_exit                                0x0001415b   Thumb Code     0  rtexit.o(.ARM.Collect$$rtexit$$00000000)
    __rt_exit_ls                             0x0001415d   Thumb Code     0  rtexit2.o(.ARM.Collect$$rtexit$$00000003)
    __rt_exit_prels_1                        0x0001415d   Thumb Code     0  rtexit2.o(.ARM.Collect$$rtexit$$00000002)
    __rt_exit_exit                           0x00014161   Thumb Code     0  rtexit2.o(.ARM.Collect$$rtexit$$00000004)
    __asm___11_app_timer_c_cd27f9c3__nrf_delay_us 0x00014169   Thumb Code    30  app_timer.o(.emb_text)
    __asm___15_twi_sw_master_c_959ec897__nrf_delay_us 0x00014189   Thumb Code    30  twi_sw_master.o(.emb_text)
    __asm___11_nrf_delay_c_532987f3__nrf_delay_us 0x000141a9   Thumb Code    30  nrf_delay.o(.emb_text)
    __aeabi_memcpy4                          0x000141c9   Thumb Code    56  rt_memcpy.o(.emb_text)
    __aeabi_memcpy8                          0x000141c9   Thumb Code     0  rt_memcpy.o(.emb_text)
    Reset_Handler                            0x00014201   Thumb Code    18  arm_startup_nrf51.o(.text)
    NMI_Handler                              0x00014213   Thumb Code     2  arm_startup_nrf51.o(.text)
    HardFault_Handler                        0x00014215   Thumb Code     2  arm_startup_nrf51.o(.text)
    SVC_Handler                              0x00014217   Thumb Code     2  arm_startup_nrf51.o(.text)
    PendSV_Handler                           0x00014219   Thumb Code     2  arm_startup_nrf51.o(.text)
    SysTick_Handler                          0x0001421b   Thumb Code     2  arm_startup_nrf51.o(.text)
    ADC_IRQHandler                           0x0001421d   Thumb Code     0  arm_startup_nrf51.o(.text)
    CCM_AAR_IRQHandler                       0x0001421d   Thumb Code     0  arm_startup_nrf51.o(.text)
    ECB_IRQHandler                           0x0001421d   Thumb Code     0  arm_startup_nrf51.o(.text)
    LPCOMP_IRQHandler                        0x0001421d   Thumb Code     0  arm_startup_nrf51.o(.text)
    POWER_CLOCK_IRQHandler                   0x0001421d   Thumb Code     0  arm_startup_nrf51.o(.text)
    QDEC_IRQHandler                          0x0001421d   Thumb Code     0  arm_startup_nrf51.o(.text)
    RADIO_IRQHandler                         0x0001421d   Thumb Code     0  arm_startup_nrf51.o(.text)
    RNG_IRQHandler                           0x0001421d   Thumb Code     0  arm_startup_nrf51.o(.text)
    RTC0_IRQHandler                          0x0001421d   Thumb Code     0  arm_startup_nrf51.o(.text)
    SPI0_TWI0_IRQHandler                     0x0001421d   Thumb Code     0  arm_startup_nrf51.o(.text)
    SPI1_TWI1_IRQHandler                     0x0001421d   Thumb Code     0  arm_startup_nrf51.o(.text)
    SWI1_IRQHandler                          0x0001421d   Thumb Code     0  arm_startup_nrf51.o(.text)
    SWI3_IRQHandler                          0x0001421d   Thumb Code     0  arm_startup_nrf51.o(.text)
    SWI4_IRQHandler                          0x0001421d   Thumb Code     0  arm_startup_nrf51.o(.text)
    SWI5_IRQHandler                          0x0001421d   Thumb Code     0  arm_startup_nrf51.o(.text)
    TEMP_IRQHandler                          0x0001421d   Thumb Code     0  arm_startup_nrf51.o(.text)
    TIMER0_IRQHandler                        0x0001421d   Thumb Code     0  arm_startup_nrf51.o(.text)
    TIMER1_IRQHandler                        0x0001421d   Thumb Code     0  arm_startup_nrf51.o(.text)
    TIMER2_IRQHandler                        0x0001421d   Thumb Code     0  arm_startup_nrf51.o(.text)
    UART0_IRQHandler                         0x0001421d   Thumb Code     0  arm_startup_nrf51.o(.text)
    WDT_IRQHandler                           0x0001421d   Thumb Code     0  arm_startup_nrf51.o(.text)
    __user_initial_stackheap                 0x00014221   Thumb Code     0  arm_startup_nrf51.o(.text)
    SystemCoreClockUpdate                    0x00014249   Thumb Code     8  system_nrf51.o(.text)
    SystemInit                               0x000142ed   Thumb Code    38  system_nrf51.o(.text)
    app_error_handler                        0x00014331   Thumb Code    26  main.o(.text)
    assert_nrf_callback                      0x0001434b   Thumb Code    18  main.o(.text)
    main                                     0x00014c51   Thumb Code    76  main.o(.text)
    ble_srv_report_ref_encode                0x00014dcd   Thumb Code    60  ble_srv_common.o(.text)
    ble_srv_ascii_to_utf8                    0x00014e09   Thumb Code    18  ble_srv_common.o(.text)
    ble_dis_init                             0x00015075   Thumb Code   386  ble_dis.o(.text)
    ble_lbe_on_ble_evt                       0x0001527d   Thumb Code    58  ble_lbe.o(.text)
    ble_lbe_init                             0x00015865   Thumb Code   178  ble_lbe.o(.text)
    ble_lbe_LUX_1_update                     0x0001594b   Thumb Code   134  ble_lbe.o(.text)
    ble_lbe_LUX_2_update                     0x000159d1   Thumb Code   134  ble_lbe.o(.text)
    ble_lbe_LUX_3_update                     0x00015a57   Thumb Code   134  ble_lbe.o(.text)
    ble_lbe_LUX_4_update                     0x00015add   Thumb Code   134  ble_lbe.o(.text)
    ble_lbe_Sample_rate_update               0x00015b63   Thumb Code    46  ble_lbe.o(.text)
    ble_luxsync_on_ble_evt                   0x00015bd5   Thumb Code    58  ble_luxsync.o(.text)
    ble_luxsync_init                         0x00015e1d   Thumb Code   126  ble_luxsync.o(.text)
    ble_luxsync_write_update                 0x00015e9b   Thumb Code    74  ble_luxsync.o(.text)
    ble_luxsync_ACK_update                   0x00015ee5   Thumb Code    46  ble_luxsync.o(.text)
    pstorage_sys_event_handler               0x00016453   Thumb Code   326  pstorage.o(.text)
    pstorage_init                            0x00016599   Thumb Code   196  pstorage.o(.text)
    pstorage_register                        0x0001665d   Thumb Code   360  pstorage.o(.text)
    pstorage_block_identifier_get            0x000167c5   Thumb Code   136  pstorage.o(.text)
    pstorage_store                           0x0001684d   Thumb Code   202  pstorage.o(.text)
    pstorage_update                          0x00016917   Thumb Code   202  pstorage.o(.text)
    pstorage_load                            0x000169e1   Thumb Code   202  pstorage.o(.text)
    pstorage_clear                           0x00016aab   Thumb Code   184  pstorage.o(.text)
    pstorage_access_status_get               0x00016b63   Thumb Code    36  pstorage.o(.text)
    ble_advdata_set                          0x00017113   Thumb Code   122  ble_advdata.o(.text)
    app_sched_init                           0x000171a5   Thumb Code    66  app_scheduler.o(.text)
    app_sched_event_put                      0x000171e7   Thumb Code   238  app_scheduler.o(.text)
    app_sched_execute                        0x00017329   Thumb Code    30  app_scheduler.o(.text)
    RTC1_IRQHandler                          0x00017bb3   Thumb Code    34  app_timer.o(.text)
    SWI0_IRQHandler                          0x00017bd5   Thumb Code     8  app_timer.o(.text)
    app_timer_init                           0x00017bdd   Thumb Code   246  app_timer.o(.text)
    app_timer_create                         0x00017cd3   Thumb Code   108  app_timer.o(.text)
    app_timer_start                          0x00017d61   Thumb Code    98  app_timer.o(.text)
    app_timer_stop                           0x00017dc3   Thumb Code    60  app_timer.o(.text)
    app_timer_stop_all                       0x00017dff   Thumb Code    26  app_timer.o(.text)
    app_timer_cnt_get                        0x00017e19   Thumb Code    14  app_timer.o(.text)
    app_timer_cnt_diff_compute               0x00017e27   Thumb Code    22  app_timer.o(.text)
    ble_conn_params_init                     0x00017f9b   Thumb Code    90  ble_conn_params.o(.text)
    ble_conn_params_stop                     0x00017ff5   Thumb Code    12  ble_conn_params.o(.text)
    ble_conn_params_on_ble_evt               0x00018143   Thumb Code    62  ble_conn_params.o(.text)
    ble_conn_params_change_conn_params       0x00018181   Thumb Code    86  ble_conn_params.o(.text)
    softdevice_assertion_handler             0x000181fd   Thumb Code    18  softdevice_handler.o(.text)
    intern_softdevice_events_execute         0x0001820f   Thumb Code   168  softdevice_handler.o(.text)
    softdevice_handler_init                  0x000182b7   Thumb Code    84  softdevice_handler.o(.text)
    softdevice_handler_sd_disable            0x0001830b   Thumb Code    24  softdevice_handler.o(.text)
    softdevice_ble_evt_handler_set           0x00018323   Thumb Code    18  softdevice_handler.o(.text)
    softdevice_sys_evt_handler_set           0x00018335   Thumb Code    18  softdevice_handler.o(.text)
    SWI2_IRQHandler                          0x00018347   Thumb Code    52  softdevice_handler.o(.text)
    app_button_init                          0x000184e9   Thumb Code   134  app_button.o(.text)
    app_button_enable                        0x0001856f   Thumb Code    24  app_button.o(.text)
    app_button_disable                       0x00018587   Thumb Code    42  app_button.o(.text)
    app_button_is_pushed                     0x000185b1   Thumb Code   110  app_button.o(.text)
    GPIOTE_IRQHandler                        0x000186f5   Thumb Code   158  app_gpiote.o(.text)
    app_gpiote_init                          0x000187f5   Thumb Code   116  app_gpiote.o(.text)
    app_gpiote_user_register                 0x00018869   Thumb Code   138  app_gpiote.o(.text)
    app_gpiote_user_enable                   0x000188f3   Thumb Code   226  app_gpiote.o(.text)
    app_gpiote_user_disable                  0x000189d5   Thumb Code    66  app_gpiote.o(.text)
    app_gpiote_pins_state_get                0x00018a17   Thumb Code    52  app_gpiote.o(.text)
    ble_debug_assert_handler                 0x00018ae1   Thumb Code    46  ble_debug_assert_handler.o(.text)
    config_max44009                          0x00018b1d   Thumb Code    34  max_44009.o(.text)
    getLightLevel                            0x00018b3f   Thumb Code   138  max_44009.o(.text)
    read_sensors                             0x00018bc9   Thumb Code   108  max_44009.o(.text)
    twi_master_init                          0x00018cef   Thumb Code    70  twi_sw_master.o(.text)
    twi_master_transfer                      0x00018f21   Thumb Code   128  twi_sw_master.o(.text)
    nrf_delay_ms                             0x00018fa9   Thumb Code    24  nrf_delay.o(.text)
    i2c_eeprom_init                          0x00018fc5   Thumb Code    14  m24m02.o(.text)
    i2c_eeprom_write_page                    0x00018fd3   Thumb Code   106  m24m02.o(.text)
    i2c_eeprom_write_buffer                  0x0001903d   Thumb Code   124  m24m02.o(.text)
    i2c_eeprom_write                         0x000190b9   Thumb Code   182  m24m02.o(.text)
    i2c_eeprom_erase                         0x0001916f   Thumb Code    42  m24m02.o(.text)
    i2c_eeprom_read_byte                     0x00019199   Thumb Code    64  m24m02.o(.text)
    i2c_eeprom_read_buffer                   0x000191d9   Thumb Code    76  m24m02.o(.text)
    i2c_eeprom_read                          0x00019225   Thumb Code   178  m24m02.o(.text)
    strlen                                   0x000192e9   Thumb Code    62  strlen.o(.text)
    __aeabi_memcpy                           0x0001932d   Thumb Code   130  rt_memcpy.o(.text)
    __rt_memcpy                              0x0001932d   Thumb Code     0  rt_memcpy.o(.text)
    _memset_w                                0x000193af   Thumb Code    26  rt_memclr.o(.text)
    _memset                                  0x000193c9   Thumb Code    30  rt_memclr.o(.text)
    __aeabi_memclr                           0x000193e7   Thumb Code     4  rt_memclr.o(.text)
    __rt_memclr                              0x000193e7   Thumb Code     0  rt_memclr.o(.text)
    __aeabi_memclr4                          0x000193eb   Thumb Code     0  rt_memclr.o(.text)
    __aeabi_memclr8                          0x000193eb   Thumb Code     0  rt_memclr.o(.text)
    __rt_memclr_w                            0x000193eb   Thumb Code     4  rt_memclr.o(.text)
    strncpy                                  0x000193f1   Thumb Code   104  strncpy.o(.text)
    __aeabi_uidiv                            0x0001945d   Thumb Code     0  aeabi_sdiv.o(.text)
    __aeabi_uidivmod                         0x0001945d   Thumb Code    20  aeabi_sdiv.o(.text)
    __aeabi_idiv                             0x00019471   Thumb Code     0  aeabi_sdiv.o(.text)
    __aeabi_idivmod                          0x00019471   Thumb Code   326  aeabi_sdiv.o(.text)
    __use_two_region_memory                  0x000195b7   Thumb Code     2  heapauxi.o(.text)
    __rt_heap_escrow$2region                 0x000195b9   Thumb Code     2  heapauxi.o(.text)
    __rt_heap_expand$2region                 0x000195bb   Thumb Code     2  heapauxi.o(.text)
    __aeabi_d2f                              0x000195bd   Thumb Code     0  d2f.o(.text)
    _d2f                                     0x000195bd   Thumb Code   120  d2f.o(.text)
    __aeabi_d2uiz                            0x00019639   Thumb Code     0  dfixui.o(.text)
    _dfixu                                   0x00019639   Thumb Code    64  dfixui.o(.text)
    __aeabi_i2d_normalise                    0x0001967d   Thumb Code    66  dflti.o(.text)
    __aeabi_i2d                              0x000196bf   Thumb Code    16  dflti.o(.text)
    _dflt                                    0x000196bf   Thumb Code     0  dflti.o(.text)
    __aeabi_ui2d                             0x000196cf   Thumb Code     6  dflti.o(.text)
    _dfltu                                   0x000196cf   Thumb Code     0  dflti.o(.text)
    __aeabi_dmul                             0x000196d5   Thumb Code     0  dmul.o(.text)
    _dmul                                    0x000196d5   Thumb Code   592  dmul.o(.text)
    __aeabi_f2d                              0x0001993d   Thumb Code     0  f2d.o(.text)
    _f2d                                     0x0001993d   Thumb Code    80  f2d.o(.text)
    __read_errno                             0x00019991   Thumb Code    10  _rserrno.o(.text)
    __set_errno                              0x0001999b   Thumb Code    12  _rserrno.o(.text)
    __aeabi_dadd                             0x00019ca1   Thumb Code     0  daddsub.o(.text)
    _dadd                                    0x00019ca1   Thumb Code    22  daddsub.o(.text)
    __aeabi_dsub                             0x00019cb7   Thumb Code     0  daddsub.o(.text)
    _dsub                                    0x00019cb7   Thumb Code    22  daddsub.o(.text)
    __aeabi_drsub                            0x00019ccd   Thumb Code     0  daddsub.o(.text)
    _drsb                                    0x00019ccd   Thumb Code    24  daddsub.o(.text)
    __aeabi_ddiv                             0x00019cf9   Thumb Code     0  ddiv.o(.text)
    _ddiv                                    0x00019cf9   Thumb Code  1072  ddiv.o(.text)
    _drdiv                                   0x0001a129   Thumb Code    20  ddiv.o(.text)
    _drnd                                    0x0001a141   Thumb Code   234  drnd.o(.text)
    __ARM_scalbn                             0x0001a235   Thumb Code    80  dscalbn.o(.text)
    __aeabi_errno_addr                       0x0001a291   Thumb Code     8  rt_errno_addr_intlibspace.o(.text)
    __errno$intlibspace                      0x0001a291   Thumb Code     0  rt_errno_addr_intlibspace.o(.text)
    __rt_errno_addr$intlibspace              0x0001a291   Thumb Code     0  rt_errno_addr_intlibspace.o(.text)
    __fpl_dcmp_InfNaN                        0x0001a299   Thumb Code   140  dcmpin.o(.text)
    __user_libspace                          0x0001a329   Thumb Code     8  libspace.o(.text)
    __user_perproc_libspace                  0x0001a329   Thumb Code     0  libspace.o(.text)
    __user_perthread_libspace                0x0001a329   Thumb Code     0  libspace.o(.text)
    __user_setup_stackheap                   0x0001a331   Thumb Code    62  sys_stackheap_outer.o(.text)
    exit                                     0x0001a36f   Thumb Code    12  exit.o(.text)
    __fpl_cmpreturn                          0x0001a37d   Thumb Code    44  cmpret.o(.text)
    __fpl_dcheck_NaN2                        0x0001a3ad   Thumb Code    14  dnan2.o(.text)
    __fpl_return_NaN                         0x0001a3c1   Thumb Code    94  retnan.o(.text)
    _sys_exit                                0x0001a421   Thumb Code     8  sys_exit.o(.text)
    __I$use$semihosting                      0x0001a42d   Thumb Code     0  use_no_semi.o(.text)
    __use_no_semihosting_swi                 0x0001a42d   Thumb Code     2  use_no_semi.o(.text)
    __ARM_common_switch8                     0x0001a42f   Thumb Code    28  pstorage.o(i.__ARM_common_switch8)
    __semihosting_library_function           0x0001a42f   Thumb Code     0  indicate_semi.o(.text)
    __kernel_poly                            0x0001a44b   Thumb Code   172  poly.o(i.__kernel_poly)
    log                                      0x0001a4f9   Thumb Code   784  log.o(i.log)
    log10                                    0x0001a849   Thumb Code   208  log10.o(i.log10)
    round                                    0x0001a941   Thumb Code   142  round.o(i.round)
    __aeabi_cdcmpeq                          0x0001a9dd   Thumb Code     0  deqf.o(x$fpl$deqf)
    _dcmpeq                                  0x0001a9dd   Thumb Code    94  deqf.o(x$fpl$deqf)
    __aeabi_cdcmple                          0x0001aa41   Thumb Code     0  dlef.o(x$fpl$dleqf)
    _dcmple                                  0x0001aa41   Thumb Code    94  dlef.o(x$fpl$dleqf)
    __aeabi_cdrcmple                         0x0001aaa5   Thumb Code     0  drlef.o(x$fpl$drleqf)
    _drcmple                                 0x0001aaa5   Thumb Code   100  drlef.o(x$fpl$drleqf)
    __I$use$fp                               0x0001ab0c   Number         0  usenofp.o(x$fpl$usenofp)
    CONFIG_REG                               0x0001ab30   Data           1  max_44009.o(.constdata)
    HIGH_BYTE                                0x0001ab31   Data           1  max_44009.o(.constdata)
    LOW_BYTE                                 0x0001ab32   Data           1  max_44009.o(.constdata)
    THRESH_HIGH                              0x0001ab33   Data           1  max_44009.o(.constdata)
    THRESH_LOW                               0x0001ab34   Data           1  max_44009.o(.constdata)
    THRESH_TIMER                             0x0001ab35   Data           1  max_44009.o(.constdata)
    __mathlib_zero                           0x0001abf0   Data           8  qnan.o(.constdata)
    Region$$Table$$Base                      0x0001abf8   Number         0  anon$$obj.o(Region$$Table)
    Region$$Table$$Limit                     0x0001ac18   Number         0  anon$$obj.o(Region$$Table)
    SystemCoreClock                          0x20002000   Data           4  system_nrf51.o(.data)
    DEV_REVERSE_LOOKUP                       0x2000210d   Data           4  m24m02.o(.data)
    __libspace_start                         0x20002828   Data          96  libspace.o(.bss)
    __temporary_stack_top$libspace           0x20002888   Data           0  libspace.o(.bss)



==============================================================================

Memory Map of the image

  Image Entry point : 0x000140c1

  Load Region LR_IROM1 (Base: 0x00014000, Size: 0x00006d2c, Max: 0x0002b000, ABSOLUTE)

    Execution Region ER_IROM1 (Base: 0x00014000, Size: 0x00006c18, Max: 0x0002b000, ABSOLUTE)

    Base Addr    Size         Type   Attr      Idx    E Section Name        Object

    0x00014000   0x000000c0   Data   RO            3    RESET               arm_startup_nrf51.o
    0x000140c0   0x00000008   Code   RO          947  * !!!main             c_p.l(__main.o)
    0x000140c8   0x0000003c   Code   RO         1177    !!!scatter          c_p.l(__scatter.o)
    0x00014104   0x0000001a   Code   RO         1179    !!handler_copy      c_p.l(__scatter_copy.o)
    0x0001411e   0x00000002   PAD
    0x00014120   0x0000001c   Code   RO         1181    !!handler_zi        c_p.l(__scatter_zi.o)
    0x0001413c   0x00000002   Code   RO         1046    .ARM.Collect$$libinit$$00000000  c_p.l(libinit.o)
    0x0001413e   0x00000004   Code   RO         1060    .ARM.Collect$$libinit$$00000001  c_p.l(libinit2.o)
    0x00014142   0x00000000   Code   RO         1064    .ARM.Collect$$libinit$$00000008  c_p.l(libinit2.o)
    0x00014142   0x00000000   Code   RO         1066    .ARM.Collect$$libinit$$0000000A  c_p.l(libinit2.o)
    0x00014142   0x00000000   Code   RO         1068    .ARM.Collect$$libinit$$0000000C  c_p.l(libinit2.o)
    0x00014142   0x00000000   Code   RO         1071    .ARM.Collect$$libinit$$0000000F  c_p.l(libinit2.o)
    0x00014142   0x00000000   Code   RO         1073    .ARM.Collect$$libinit$$00000011  c_p.l(libinit2.o)
    0x00014142   0x00000000   Code   RO         1075    .ARM.Collect$$libinit$$00000013  c_p.l(libinit2.o)
    0x00014142   0x00000000   Code   RO         1077    .ARM.Collect$$libinit$$00000015  c_p.l(libinit2.o)
    0x00014142   0x00000000   Code   RO         1079    .ARM.Collect$$libinit$$00000017  c_p.l(libinit2.o)
    0x00014142   0x00000000   Code   RO         1081    .ARM.Collect$$libinit$$00000019  c_p.l(libinit2.o)
    0x00014142   0x00000000   Code   RO         1083    .ARM.Collect$$libinit$$0000001B  c_p.l(libinit2.o)
    0x00014142   0x00000000   Code   RO         1085    .ARM.Collect$$libinit$$0000001D  c_p.l(libinit2.o)
    0x00014142   0x00000000   Code   RO         1087    .ARM.Collect$$libinit$$0000001F  c_p.l(libinit2.o)
    0x00014142   0x00000000   Code   RO         1089    .ARM.Collect$$libinit$$00000021  c_p.l(libinit2.o)
    0x00014142   0x00000000   Code   RO         1091    .ARM.Collect$$libinit$$00000023  c_p.l(libinit2.o)
    0x00014142   0x00000000   Code   RO         1095    .ARM.Collect$$libinit$$0000002A  c_p.l(libinit2.o)
    0x00014142   0x00000000   Code   RO         1097    .ARM.Collect$$libinit$$0000002C  c_p.l(libinit2.o)
    0x00014142   0x00000000   Code   RO         1099    .ARM.Collect$$libinit$$0000002E  c_p.l(libinit2.o)
    0x00014142   0x00000000   Code   RO         1101    .ARM.Collect$$libinit$$00000030  c_p.l(libinit2.o)
    0x00014142   0x00000002   Code   RO         1102    .ARM.Collect$$libinit$$00000031  c_p.l(libinit2.o)
    0x00014144   0x00000002   Code   RO         1135    .ARM.Collect$$libshutdown$$00000000  c_p.l(libshutdown.o)
    0x00014146   0x00000000   Code   RO         1162    .ARM.Collect$$libshutdown$$00000003  c_p.l(libshutdown2.o)
    0x00014146   0x00000000   Code   RO         1165    .ARM.Collect$$libshutdown$$00000006  c_p.l(libshutdown2.o)
    0x00014146   0x00000000   Code   RO         1168    .ARM.Collect$$libshutdown$$00000009  c_p.l(libshutdown2.o)
    0x00014146   0x00000000   Code   RO         1170    .ARM.Collect$$libshutdown$$0000000B  c_p.l(libshutdown2.o)
    0x00014146   0x00000000   Code   RO         1173    .ARM.Collect$$libshutdown$$0000000E  c_p.l(libshutdown2.o)
    0x00014146   0x00000002   Code   RO         1174    .ARM.Collect$$libshutdown$$0000000F  c_p.l(libshutdown2.o)
    0x00014148   0x00000000   Code   RO          969    .ARM.Collect$$rtentry$$00000000  c_p.l(rtentry.o)
    0x00014148   0x00000000   Code   RO         1001    .ARM.Collect$$rtentry$$00000002  c_p.l(rtentry2.o)
    0x00014148   0x00000006   Code   RO         1013    .ARM.Collect$$rtentry$$00000004  c_p.l(rtentry4.o)
    0x0001414e   0x00000000   Code   RO         1003    .ARM.Collect$$rtentry$$00000009  c_p.l(rtentry2.o)
    0x0001414e   0x00000004   Code   RO         1004    .ARM.Collect$$rtentry$$0000000A  c_p.l(rtentry2.o)
    0x00014152   0x00000000   Code   RO         1006    .ARM.Collect$$rtentry$$0000000C  c_p.l(rtentry2.o)
    0x00014152   0x00000008   Code   RO         1007    .ARM.Collect$$rtentry$$0000000D  c_p.l(rtentry2.o)
    0x0001415a   0x00000002   Code   RO         1052    .ARM.Collect$$rtexit$$00000000  c_p.l(rtexit.o)
    0x0001415c   0x00000000   Code   RO         1108    .ARM.Collect$$rtexit$$00000002  c_p.l(rtexit2.o)
    0x0001415c   0x00000004   Code   RO         1109    .ARM.Collect$$rtexit$$00000003  c_p.l(rtexit2.o)
    0x00014160   0x00000006   Code   RO         1110    .ARM.Collect$$rtexit$$00000004  c_p.l(rtexit2.o)
    0x00014166   0x00000002   PAD
    0x00014168   0x0000001e   Code   RO          568    .emb_text           app_timer.o
    0x00014186   0x00000002   PAD
    0x00014188   0x0000001e   Code   RO          852    .emb_text           twi_sw_master.o
    0x000141a6   0x00000002   PAD
    0x000141a8   0x0000001e   Code   RO          879    .emb_text           nrf_delay.o
    0x000141c6   0x00000002   PAD
    0x000141c8   0x00000038   Code   RO          933    .emb_text           c_p.l(rt_memcpy.o)
    0x00014200   0x00000048   Code   RO            4    .text               arm_startup_nrf51.o
    0x00014248   0x000000e8   Code   RO           12    .text               system_nrf51.o
    0x00014330   0x00000a9c   Code   RO           69    .text               main.o
    0x00014dcc   0x00000088   Code   RO          233    .text               ble_srv_common.o
    0x00014e54   0x000003f4   Code   RO          283    .text               ble_dis.o
    0x00015248   0x00000958   Code   RO          326    .text               ble_lbe.o
    0x00015ba0   0x00000380   Code   RO          384    .text               ble_luxsync.o
    0x00015f20   0x00000c80   Code   RO          446    .text               pstorage.o
    0x00016ba0   0x00000604   Code   RO          505    .text               ble_advdata.o
    0x000171a4   0x00000264   Code   RO          531    .text               app_scheduler.o
    0x00017408   0x00000aec   Code   RO          569    .text               app_timer.o
    0x00017ef4   0x00000308   Code   RO          615    .text               ble_conn_params.o
    0x000181fc   0x000001d4   Code   RO          657    .text               softdevice_handler.o
    0x000183d0   0x000002a4   Code   RO          712    .text               app_button.o
    0x00018674   0x0000046c   Code   RO          746    .text               app_gpiote.o
    0x00018ae0   0x0000003c   Code   RO          777    .text               ble_debug_assert_handler.o
    0x00018b1c   0x00000144   Code   RO          818    .text               max_44009.o
    0x00018c60   0x00000348   Code   RO          853    .text               twi_sw_master.o
    0x00018fa8   0x0000001c   Code   RO          880    .text               nrf_delay.o
    0x00018fc4   0x00000324   Code   RO          904    .text               m24m02.o
    0x000192e8   0x00000044   Code   RO          931    .text               c_p.l(strlen.o)
    0x0001932c   0x00000082   Code   RO          934    .text               c_p.l(rt_memcpy.o)
    0x000193ae   0x00000040   Code   RO          937    .text               c_p.l(rt_memclr.o)
    0x000193ee   0x00000002   PAD
    0x000193f0   0x0000006c   Code   RO          939    .text               c_p.l(strncpy.o)
    0x0001945c   0x0000015a   Code   RO          941    .text               c_p.l(aeabi_sdiv.o)
    0x000195b6   0x00000006   Code   RO          945    .text               c_p.l(heapauxi.o)
    0x000195bc   0x0000007c   Code   RO          949    .text               fz_ps.l(d2f.o)
    0x00019638   0x00000044   Code   RO          951    .text               fz_ps.l(dfixui.o)
    0x0001967c   0x00000058   Code   RO          953    .text               fz_ps.l(dflti.o)
    0x000196d4   0x00000268   Code   RO          955    .text               fz_ps.l(dmul.o)
    0x0001993c   0x00000054   Code   RO          957    .text               fz_ps.l(f2d.o)
    0x00019990   0x00000016   Code   RO          974    .text               c_p.l(_rserrno.o)
    0x000199a6   0x00000002   PAD
    0x000199a8   0x00000350   Code   RO          976    .text               fz_ps.l(daddsub.o)
    0x00019cf8   0x00000448   Code   RO          978    .text               fz_ps.l(ddiv.o)
    0x0001a140   0x000000f4   Code   RO          985    .text               fz_ps.l(drnd.o)
    0x0001a234   0x0000005c   Code   RO          987    .text               fz_ps.l(dscalbn.o)
    0x0001a290   0x00000008   Code   RO         1020    .text               c_p.l(rt_errno_addr_intlibspace.o)
    0x0001a298   0x00000090   Code   RO         1022    .text               fz_ps.l(dcmpin.o)
    0x0001a328   0x00000008   Code   RO         1029    .text               c_p.l(libspace.o)
    0x0001a330   0x0000003e   Code   RO         1032    .text               c_p.l(sys_stackheap_outer.o)
    0x0001a36e   0x0000000c   Code   RO         1035    .text               c_p.l(exit.o)
    0x0001a37a   0x00000002   PAD
    0x0001a37c   0x00000030   Code   RO         1047    .text               fz_ps.l(cmpret.o)
    0x0001a3ac   0x00000014   Code   RO         1049    .text               fz_ps.l(dnan2.o)
    0x0001a3c0   0x0000005e   Code   RO         1103    .text               fz_ps.l(retnan.o)
    0x0001a41e   0x00000002   PAD
    0x0001a420   0x0000000c   Code   RO         1105    .text               c_p.l(sys_exit.o)
    0x0001a42c   0x00000002   Code   RO         1124    .text               c_p.l(use_no_semi.o)
    0x0001a42e   0x00000000   Code   RO         1126    .text               c_p.l(indicate_semi.o)
    0x0001a42e   0x0000001c   Code   RO          464    i.__ARM_common_switch8  pstorage.o
    0x0001a44a   0x000000ac   Code   RO         1026    i.__kernel_poly     m_ps.l(poly.o)
    0x0001a4f6   0x00000002   PAD
    0x0001a4f8   0x00000350   Code   RO          991    i.log               m_ps.l(log.o)
    0x0001a848   0x000000f8   Code   RO          960    i.log10             m_ps.l(log10.o)
    0x0001a940   0x0000009c   Code   RO          967    i.round             m_ps.l(round.o)
    0x0001a9dc   0x00000064   Code   RO         1024    x$fpl$deqf          fz_ps.l(deqf.o)
    0x0001aa40   0x00000064   Code   RO          981    x$fpl$dleqf         fz_ps.l(dlef.o)
    0x0001aaa4   0x00000068   Code   RO          983    x$fpl$drleqf        fz_ps.l(drlef.o)
    0x0001ab0c   0x00000000   Code   RO          989    x$fpl$usenofp       fz_ps.l(usenofp.o)
    0x0001ab0c   0x00000004   Data   RO           71    .constdata          main.o
    0x0001ab10   0x00000010   Data   RO          327    .constdata          ble_lbe.o
    0x0001ab20   0x00000010   Data   RO          385    .constdata          ble_luxsync.o
    0x0001ab30   0x00000006   Data   RO          819    .constdata          max_44009.o
    0x0001ab36   0x00000080   Data   RO          979    .constdata          fz_ps.l(ddiv.o)
    0x0001abb6   0x00000002   PAD
    0x0001abb8   0x00000038   Data   RO          992    .constdata          m_ps.l(log.o)
    0x0001abf0   0x00000008   Data   RO         1028    .constdata          m_ps.l(qnan.o)
    0x0001abf8   0x00000020   Data   RO         1175    Region$$Table       anon$$obj.o


    Execution Region RW_IRAM1 (Base: 0x20002000, Size: 0x00001888, Max: 0x00002000, ABSOLUTE)

    Base Addr    Size         Type   Attr      Idx    E Section Name        Object

    0x20002000   0x00000004   Data   RW           13    .data               system_nrf51.o
    0x20002004   0x00000010   Data   RW           72    .data               main.o
    0x20002014   0x0000004a   Data   RW          284    .data               ble_dis.o
    0x2000205e   0x00000002   PAD
    0x20002060   0x00000010   Data   RW          448    .data               pstorage.o
    0x20002070   0x0000000e   Data   RW          532    .data               app_scheduler.o
    0x2000207e   0x00000002   PAD
    0x20002080   0x00000028   Data   RW          570    .data               app_timer.o
    0x200020a8   0x00000019   Data   RW          617    .data               ble_conn_params.o
    0x200020c1   0x00000003   PAD
    0x200020c4   0x00000014   Data   RW          658    .data               softdevice_handler.o
    0x200020d8   0x00000020   Data   RW          713    .data               app_button.o
    0x200020f8   0x0000000c   Data   RW          747    .data               app_gpiote.o
    0x20002104   0x00000008   Data   RW          779    .data               ble_debug_assert_handler.o
    0x2000210c   0x00000001   Data   RW          820    .data               max_44009.o
    0x2000210d   0x00000004   Data   RW          905    .data               m24m02.o
    0x20002111   0x00000003   PAD
    0x20002114   0x000003fc   Zero   RW           70    .bss                main.o
    0x20002510   0x0000027c   Zero   RW          447    .bss                pstorage.o
    0x2000278c   0x0000001c   Zero   RW          616    .bss                ble_conn_params.o
    0x200027a8   0x00000080   Zero   RW          778    .bss                ble_debug_assert_handler.o
    0x20002828   0x00000060   Zero   RW         1030    .bss                c_p.l(libspace.o)
    0x20002888   0x00000800   Zero   RW            2    HEAP                arm_startup_nrf51.o
    0x20003088   0x00000800   Zero   RW            1    STACK               arm_startup_nrf51.o


==============================================================================

Image component sizes


      Code (inc. data)   RO Data    RW Data    ZI Data      Debug   Object Name

       676         86          0         32          0       8540   app_button.o
      1132         40          0         12          0      11574   app_gpiote.o
       612         90          0         14          0      12967   app_scheduler.o
      2826        184          0         40          0      24217   app_timer.o
        72         32        192          0       4096        732   arm_startup_nrf51.o
      1540          6          0          0          0       8550   ble_advdata.o
       776         38          0         25         28      14826   ble_conn_params.o
        60         14          0          8        128       1311   ble_debug_assert_handler.o
      1012         64          0         74          0      11907   ble_dis.o
      2392         20         16          0          0      30985   ble_lbe.o
       896         14         16          0          0       5026   ble_luxsync.o
       136         58          0          0          0      22766   ble_srv_common.o
       804          8          0          4          0       5482   m24m02.o
      2716        354          4         16       1020      57625   main.o
       324         24          6          1          0       4436   max_44009.o
        58          4          0          0          0       1263   nrf_delay.o
      3228         90          0         16        636      13070   pstorage.o
       468         86          0         20          0      21588   softdevice_handler.o
       232         30          0          4          0      21489   system_nrf51.o
       870          8          0          0          0       4214   twi_sw_master.o

    ----------------------------------------------------------------------
     20836       1250        266        276       5908     282568   Object Totals
         0          0         32          0          0          0   (incl. Generated)
         6          0          0         10          0          0   (incl. Padding)

    ----------------------------------------------------------------------

      Code (inc. data)   RO Data    RW Data    ZI Data      Debug   Library Member Name

         8          0          0          0          0         68   __main.o
        60          8          0          0          0          0   __scatter.o
        26          0          0          0          0          0   __scatter_copy.o
        28          0          0          0          0          0   __scatter_zi.o
        22          0          0          0          0         92   _rserrno.o
       346          0          0          0          0         92   aeabi_sdiv.o
        12          0          0          0          0         64   exit.o
         6          0          0          0          0        136   heapauxi.o
         0          0          0          0          0          0   indicate_semi.o
         2          0          0          0          0          0   libinit.o
         6          0          0          0          0          0   libinit2.o
         2          0          0          0          0          0   libshutdown.o
         2          0          0          0          0          0   libshutdown2.o
         8          4          0          0         96         68   libspace.o
         8          4          0          0          0         68   rt_errno_addr_intlibspace.o
        64          0          0          0          0        108   rt_memclr.o
       186          0          0          0          0        144   rt_memcpy.o
         0          0          0          0          0          0   rtentry.o
        12          0          0          0          0          0   rtentry2.o
         6          0          0          0          0          0   rtentry4.o
         2          0          0          0          0          0   rtexit.o
        10          0          0          0          0          0   rtexit2.o
        68          6          0          0          0         72   strlen.o
       108          4          0          0          0         76   strncpy.o
        12          4          0          0          0         60   sys_exit.o
        62          0          0          0          0         80   sys_stackheap_outer.o
         2          0          0          0          0         68   use_no_semi.o
        48          4          0          0          0         60   cmpret.o
       124          4          0          0          0         72   d2f.o
       848         20          0          0          0        228   daddsub.o
       144          4          0          0          0         76   dcmpin.o
      1096         26        128          0          0        116   ddiv.o
       100          4          0          0          0         92   deqf.o
        68          4          0          0          0         68   dfixui.o
        88          0          0          0          0         92   dflti.o
       100          4          0          0          0         92   dlef.o
       616         24          0          0          0         84   dmul.o
        20          6          0          0          0         68   dnan2.o
       104          4          0          0          0        104   drlef.o
       244         10          0          0          0         76   drnd.o
        92         12          0          0          0         72   dscalbn.o
        84          4          0          0          0         60   f2d.o
        94          0          0          0          0         68   retnan.o
         0          0          0          0          0          0   usenofp.o
       848         64         56          0          0        120   log.o
       248         40          0          0          0         76   log10.o
       172          0          0          0          0         76   poly.o
         0          0          8          0          0          0   qnan.o
       156         14          0          0          0         84   round.o

    ----------------------------------------------------------------------
      6376        278        194          0         96       2980   Library Totals
        14          0          2          0          0          0   (incl. Padding)

    ----------------------------------------------------------------------

      Code (inc. data)   RO Data    RW Data    ZI Data      Debug   Library Name

      1068         30          0          0         96       1196   c_p.l
      3870        130        128          0          0       1428   fz_ps.l
      1424        118         64          0          0        356   m_ps.l

    ----------------------------------------------------------------------
      6376        278        194          0         96       2980   Library Totals

    ----------------------------------------------------------------------

==============================================================================


      Code (inc. data)   RO Data    RW Data    ZI Data      Debug   

     27212       1528        460        276       6004     283052   Grand Totals
     27212       1528        460        276       6004     283052   ELF Image Totals
     27212       1528        460        276          0          0   ROM Totals

==============================================================================

    Total RO  Size (Code + RO Data)                27672 (  27.02kB)
    Total RW  Size (RW Data + ZI Data)              6280 (   6.13kB)
    Total ROM Size (Code + RO Data + RW Data)      27948 (  27.29kB)

==============================================================================

