<html>
<body>
<pre>
<h1>µVision Build Log</h1>
<h2>Project:</h2>
C:\Keil\ARM\Device\Nordic\nrf51822\Board\pca10001\ble\ble_app_lbe\arm\ble_app_lbe.uvproj
Project File Date:  06/04/2014

<h2>Output:</h2>
Build target 'nrf51822_xxaa_s110 (256K)'
compiling main.c...
..\m24m02.h(20): warning:  #1295-D: Deprecated declaration i2c_eeprom_init - give arg types
  void i2c_eeprom_init();
..\m24m02.h(30): warning:  #1295-D: Deprecated declaration i2c_eeprom_erase - give arg types
  bool i2c_eeprom_erase();
..\main.c(122): warning:  #177-D: variable "m_adv_params" was declared but never referenced
  static ble_gap_adv_params_t             m_adv_params;                          /**< Parameters to be passed to the stack when starting advertising. */
..\main.c: 3 warnings, 0 errors
compiling ble_luxsync.c...
..\m24m02.h(20): warning:  #1295-D: Deprecated declaration i2c_eeprom_init - give arg types
  void i2c_eeprom_init();
..\m24m02.h(30): warning:  #1295-D: Deprecated declaration i2c_eeprom_erase - give arg types
  bool i2c_eeprom_erase();
..\ble_luxsync.c(362): warning:  #177-D: variable "present_mem_ptr" was declared but never referenced
        uint32_t present_mem_ptr=30;  //eeprom_find_add_pointer();
..\ble_luxsync.c(367): warning:  #177-D: variable "m_remaining_data" was declared but never referenced
    uint8_t m_remaining_data=0;
..\ble_luxsync.c(37): warning:  #550-D: variable "m_luxsync_char_notifications" was set but never used
  static luxsync_char_notifications_t   m_luxsync_char_notifications;
..\ble_luxsync.c: 5 warnings, 0 errors
linking...
Program Size: Code=30352 RO-data=480 RW-data=312 ZI-data=6384  
FromELF: creating hex file...
".\_build\ble_app_template.axf" - 0 Error(s), 8 Warning(s).
e "NRF51822_XXAA" selected (257 KB flash, 16 KB RAM).
 
JLink info:
------------
DLL: V4.84c, compiled Apr 16 2014 18:53:07
Firmware: J-Link Lite-Cortex-M V8 compiled Aug 29 2012 15:24:23
Hardware: V8.00
S/N : 518005688 
Feature(s) : GDB 
 
* JLink Info: Found SWD-DP with ID 0x0BB11477
* JLink Info: Found Cortex-M0 r0p0, Little endian.
* JLink Info: FPUnit: 4 code (BP) slots and 0 literal slots
ROMTableAddr = 0xE00FF003
 
Target info:
------------
Device: nRF51822_xxAA
VTarget = 3.313V
State of Pins: 
TCK: 0, TDI: 0, TDO: 1, TMS: 1, TRES: 1, TRST: 1
Hardware-Breakpoints: 4
Software-Breakpoints: 8192
Watchpoints:          2
JTAG speed: 2000 kHz
 
Erase Done.
Programming Done.
Verify OK.
Application running ...
Load "C:\\Keil\\ARM\\Device\\Nordic\\nrf51822\\Board\\pca10001\\ble\\ble_app_lbe\\arm\\_build\\ble_app_template.axf" 
Set JLink Project File to "C:\Keil\ARM\Device\Nordic\nrf51822\Board\pca10001\ble\ble_app_lbe\arm\JLinkSettings.ini"
* JLink Info: Device "NRF51822_XXAA" selected (257 KB flash, 16 KB RAM).
 
JLink info:
------------
DLL: V4.84c, compiled Apr 16 2014 18:53:07
Firmware: J-Link Lite-Cortex-M V8 compiled Aug 29 2012 15:24:23
Hardware: V8.00
S/N : 518005688 
Feature(s) : GDB 
 
* JLink Info: Found SWD-DP with ID 0x0BB11477
* JLink Info: Found Cortex-M0 r0p0, Little endian.
* JLink Info: FPUnit: 4 code (BP) slots and 0 literal slots
ROMTableAddr = 0xE00FF003
 
Target info:
------------
Device: nRF51822_xxAA
VTarget = 3.313V
State of Pins: 
TCK: 0, TDI: 0, TDO: 1, TMS: 1, TRES: 1, TRST: 1
Hardware-Breakpoints: 4
Software-Breakpoints: 8192
Watchpoints:          2
JTAG speed: 2000 kHz
 
Erase Done.
Programming Done.
Verify OK.
Application running ...
16 2014 18:53:07
Firmware: J-Link Lite-Cortex-M V8 compiled Aug 29 2012 15:24:23
Hardware: V8.00
S/N : 518005688 
Feature(s) : GDB 
 
* JLink Info: Found SWD-DP with ID 0x0BB11477
* JLink Info: Found Cortex-M0 r0p0, Little endian.
* JLink Info: FPUnit: 4 code (BP) slots and 0 literal slots
ROMTableAddr = 0xE00FF003
 
Target info:
------------
Device: nRF51822_xxAA
VTarget = 3.313V
State of Pins: 
TCK: 0, TDI: 0, TDO: 1, TMS: 1, TRES: 1, TRST: 1
Hardware-Breakpoints: 4
Software-Breakpoints: 8192
Watchpoints:          2
JTAG speed: 2000 kHz
 
Erase Done.
Programming Done.
Verify OK.
Application running ...
